******************************************************************************
                  TI ARM Linker PC v5.2.5                      
******************************************************************************
>> Linked Sun Dec 13 07:07:13 2015

OUTPUT FILE NAME:   <lab5.out>
ENTRY POINT SYMBOL: "_c_int00"  address: 00000839


MEMORY CONFIGURATION

         name            origin    length      used     unused   attr    fill
----------------------  --------  ---------  --------  --------  ----  --------
  FLASH                 00000000   00040000  00000b08  0003f4f8  R  X
  SRAM                  20000000   00008000  00000214  00007dec  RW X


SEGMENT ALLOCATION MAP

run origin  load origin   length   init length attrs members
----------  ----------- ---------- ----------- ----- -------
00000000    00000000    00000b08   00000b08    r-x
  00000000    00000000    0000026c   0000026c    r-- .intvecs
  0000026c    0000026c    000007a0   000007a0    r-x .text
  00000a0c    00000a0c    000000dc   000000dc    r-- .const
  00000ae8    00000ae8    00000020   00000020    r-- .cinit
20000000    20000000    00000214   00000000    rw-
  20000000    20000000    00000200   00000000    rw- .stack
  20000200    20000200    00000014   00000000    rw- .data


SECTION ALLOCATION MAP

 output                                  attributes/
section   page    origin      length       input sections
--------  ----  ----------  ----------   ----------------
.intvecs   0    00000000    0000026c     
                  00000000    0000026c     tm4c123gh6pm_startup_ccs.obj (.intvecs)

.text      0    0000026c    000007a0     
                  0000026c    00000204     main.obj (.text)
                  00000470    00000110     driverlib.lib : sysctl.obj (.text:SysCtlClockGet)
                  00000580    0000009c     rtsv7M4_T_le_v4SPD16_eabi.lib : memcpy_t2.obj (.text)
                  0000061c    0000007a                                   : memset_t2.obj (.text)
                  00000696    00000002     --HOLE-- [fill = 0]
                  00000698    0000006c                                   : autoinit.obj (.text)
                  00000704    0000006a                                   : copy_decompress_rle.obj (.text)
                  0000076e    00000002     --HOLE-- [fill = 0]
                  00000770    00000068     driverlib.lib : interrupt.obj (.text:IntEnable)
                  000007d8    00000060                   : timer.obj (.text:TimerConfigure)
                  00000838    00000050     rtsv7M4_T_le_v4SPD16_eabi.lib : boot.obj (.text)
                  00000888    0000004c                                   : cpy_tbl.obj (.text)
                  000008d4    00000044                                   : exit.obj (.text)
                  00000918    00000034     driverlib.lib : sysctl.obj (.text:SysCtlPeripheralEnable)
                  0000094c    0000001e                   : adc.obj (.text:ADCSequenceDataGet)
                  0000096a    00000002     --HOLE-- [fill = 0]
                  0000096c    00000018     rtsv7M4_T_le_v4SPD16_eabi.lib : args_main.obj (.text)
                  00000984    00000014                                   : _lock.obj (.text)
                  00000998    00000012     driverlib.lib : timer.obj (.text:TimerLoadSet)
                  000009aa    00000010                   : interrupt.obj (.text:IntMasterEnable)
                  000009ba    0000000e                   : timer.obj (.text:TimerEnable)
                  000009c8    0000000e     rtsv7M4_T_le_v4SPD16_eabi.lib : copy_decompress_none.obj (.text:decompress:none)
                  000009d6    0000000c     driverlib.lib : cpu.obj (.text:CPUcpsie)
                  000009e2    0000000c     tm4c123gh6pm_startup_ccs.obj (.text)
                  000009ee    00000008     driverlib.lib : timer.obj (.text:TimerIntEnable)
                  000009f6    00000006                   : gpio.obj (.text:GPIOPinRead)
                  000009fc    00000006                   : gpio.obj (.text:GPIOPinWrite)
                  00000a02    00000006     rtsv7M4_T_le_v4SPD16_eabi.lib : copy_decompress_rle.obj (.text:decompress:rle24)
                  00000a08    00000004                                   : pre_init.obj (.text)

.const     0    00000a0c    000000dc     
                  00000a0c    00000070     driverlib.lib : interrupt.obj (.const)
                  00000a7c    0000006c                   : sysctl.obj (.const:g_pui32Xtals)

.cinit     0    00000ae8    00000020     
                  00000ae8    0000000f     (.cinit..data.load) [load image, compression = rle]
                  00000af7    00000001     --HOLE-- [fill = 0]
                  00000af8    00000008     (__TI_handler_table)
                  00000b00    00000008     (__TI_cinit_table)

.init_array 
*          0    00000000    00000000     UNINITIALIZED

.stack     0    20000000    00000200     UNINITIALIZED
                  20000000    00000200     --HOLE--

.data      0    20000200    00000014     UNINITIALIZED
                  20000200    00000008     rtsv7M4_T_le_v4SPD16_eabi.lib : _lock.obj (.data)
                  20000208    00000008                                   : exit.obj (.data)
                  20000210    00000004                                   : stkdepth_vars.obj (.data)

.TI.persistent 
*          0    20000200    00000000     UNINITIALIZED


LINKER GENERATED COPY TABLES

__TI_cinit_table @ 00000b00 records: 1, size/record: 8, table size: 8
	.data: load addr=00000ae8, load size=0000000f bytes, run addr=20000200, run size=00000014 bytes, compression=rle


LINKER GENERATED HANDLER TABLE

__TI_handler_table @ 00000af8 records: 2, size/record: 4, table size: 8
	index: 0, handler: __TI_decompress_rle24
	index: 1, handler: __TI_decompress_none


GLOBAL SYMBOLS: SORTED ALPHABETICALLY BY Name 

address   name                    
-------   ----                    
0000094d  ADCSequenceDataGet      
000008d5  C$$EXIT                 
000009d7  CPUcpsie                
000009f7  GPIOPinRead             
000009fd  GPIOPinWrite            
00000771  IntEnable               
000009ab  IntMasterEnable         
00000361  IntTimer0Handler        
000009e3  ResetISR                
UNDEFED   SHT$$INIT_ARRAY$$Base   
UNDEFED   SHT$$INIT_ARRAY$$Limit  
00000471  SysCtlClockGet          
00000919  SysCtlPeripheralEnable  
000007d9  TimerConfigure          
000009bb  TimerEnable             
000009ef  TimerIntEnable          
00000999  TimerLoadSet            
20000200  __STACK_END             
00000200  __STACK_SIZE            
20000200  __STACK_TOP             
00000b00  __TI_CINIT_Base         
00000b08  __TI_CINIT_Limit        
00000af8  __TI_Handler_Table_Base 
00000b00  __TI_Handler_Table_Limit
00000699  __TI_auto_init          
20000208  __TI_cleanup_ptr        
000009c9  __TI_decompress_none    
00000a03  __TI_decompress_rle24   
2000020c  __TI_dtors_ptr          
00000000  __TI_static_base__      
0000061d  __aeabi_memclr          
0000061d  __aeabi_memclr4         
0000061d  __aeabi_memclr8         
00000581  __aeabi_memcpy          
00000581  __aeabi_memcpy4         
00000581  __aeabi_memcpy8         
0000061f  __aeabi_memset          
0000061f  __aeabi_memset4         
0000061f  __aeabi_memset8         
ffffffff  __binit__               
ffffffff  __c_args__              
20000000  __stack                 
0000096d  _args_main              
00000839  _c_int00                
20000200  _lock                   
00000993  _nop                    
0000098b  _register_lock          
00000985  _register_unlock        
00000a09  _system_pre_init        
20000204  _unlock                 
000008d9  abort                   
ffffffff  binit                   
00000889  copy_in                 
000008e1  exit                    
00000000  g_pfnVectors            
00000279  main                    
20000210  main_func_sp            
00000581  memcpy                  
00000625  memset                  
0000026d  void__error__           


GLOBAL SYMBOLS: SORTED BY Symbol Address 

address   name                    
-------   ----                    
00000000  __TI_static_base__      
00000000  g_pfnVectors            
00000200  __STACK_SIZE            
0000026d  void__error__           
00000279  main                    
00000361  IntTimer0Handler        
00000471  SysCtlClockGet          
00000581  __aeabi_memcpy          
00000581  __aeabi_memcpy4         
00000581  __aeabi_memcpy8         
00000581  memcpy                  
0000061d  __aeabi_memclr          
0000061d  __aeabi_memclr4         
0000061d  __aeabi_memclr8         
0000061f  __aeabi_memset          
0000061f  __aeabi_memset4         
0000061f  __aeabi_memset8         
00000625  memset                  
00000699  __TI_auto_init          
00000771  IntEnable               
000007d9  TimerConfigure          
00000839  _c_int00                
00000889  copy_in                 
000008d5  C$$EXIT                 
000008d9  abort                   
000008e1  exit                    
00000919  SysCtlPeripheralEnable  
0000094d  ADCSequenceDataGet      
0000096d  _args_main              
00000985  _register_unlock        
0000098b  _register_lock          
00000993  _nop                    
00000999  TimerLoadSet            
000009ab  IntMasterEnable         
000009bb  TimerEnable             
000009c9  __TI_decompress_none    
000009d7  CPUcpsie                
000009e3  ResetISR                
000009ef  TimerIntEnable          
000009f7  GPIOPinRead             
000009fd  GPIOPinWrite            
00000a03  __TI_decompress_rle24   
00000a09  _system_pre_init        
00000af8  __TI_Handler_Table_Base 
00000b00  __TI_CINIT_Base         
00000b00  __TI_Handler_Table_Limit
00000b08  __TI_CINIT_Limit        
20000000  __stack                 
20000200  __STACK_END             
20000200  __STACK_TOP             
20000200  _lock                   
20000204  _unlock                 
20000208  __TI_cleanup_ptr        
2000020c  __TI_dtors_ptr          
20000210  main_func_sp            
ffffffff  __binit__               
ffffffff  __c_args__              
ffffffff  binit                   
UNDEFED   SHT$$INIT_ARRAY$$Base   
UNDEFED   SHT$$INIT_ARRAY$$Limit  

[60 symbols]
