******************************************************************************
                  TI ARM Linker PC v5.2.5                      
******************************************************************************
>> Linked Sun Dec 13 15:02:21 2015

OUTPUT FILE NAME:   <lab13.out>
ENTRY POINT SYMBOL: "_c_int00"  address: 00000569


MEMORY CONFIGURATION

         name            origin    length      used     unused   attr    fill
----------------------  --------  ---------  --------  --------  ----  --------
  FLASH                 00000000   00040000  000006dc  0003f924  R  X
  SRAM                  20000000   00008000  00002620  000059e0  RW X


SEGMENT ALLOCATION MAP

run origin  load origin   length   init length attrs members
----------  ----------- ---------- ----------- ----- -------
00000000    00000000    000006e0   000006e0    r-x
  00000000    00000000    0000026c   0000026c    r-- .intvecs
  0000026c    0000026c    00000438   00000438    r-x .text
  000006a8    000006a8    00000038   00000038    r-- .cinit
20000000    20000000    00002620   00000000    rw-
  20000000    20000000    00002400   00000000    rw- .bss
  20002400    20002400    00000200   00000000    rw- .stack
  20002600    20002600    00000020   00000000    rw- .data


SECTION ALLOCATION MAP

 output                                  attributes/
section   page    origin      length       input sections
--------  ----  ----------  ----------   ----------------
.intvecs   0    00000000    0000026c     
                  00000000    0000026c     tm4c123gh6pm_startup_ccs.obj (.intvecs)

.text      0    0000026c    00000438     
                  0000026c    0000010c     main.obj (.text)
                  00000378    0000009c     rtsv7M4_T_le_v4SPD16_eabi.lib : memcpy_t2.obj (.text)
                  00000414    0000007a                                   : memset_t2.obj (.text)
                  0000048e    00000002     --HOLE-- [fill = 0]
                  00000490    0000006c                                   : autoinit.obj (.text)
                  000004fc    0000006a                                   : copy_decompress_rle.obj (.text)
                  00000566    00000002     --HOLE-- [fill = 0]
                  00000568    00000050                                   : boot.obj (.text)
                  000005b8    0000004c                                   : cpy_tbl.obj (.text)
                  00000604    00000044                                   : exit.obj (.text)
                  00000648    00000018                                   : args_main.obj (.text)
                  00000660    00000014                                   : _lock.obj (.text)
                  00000674    0000000e                                   : copy_decompress_none.obj (.text:decompress:none)
                  00000682    0000000c                                   : copy_zero_init.obj (.text:decompress:ZI)
                  0000068e    0000000c     tm4c123gh6pm_startup_ccs.obj (.text)
                  0000069a    00000006     rtsv7M4_T_le_v4SPD16_eabi.lib : copy_decompress_rle.obj (.text:decompress:rle24)
                  000006a0    00000004                                   : pre_init.obj (.text)

.cinit     0    000006a8    00000038     
                  000006a8    00000012     (.cinit..data.load) [load image, compression = rle]
                  000006ba    00000002     --HOLE-- [fill = 0]
                  000006bc    0000000c     (__TI_handler_table)
                  000006c8    00000008     (.cinit..bss.load) [load image, compression = zero_init]
                  000006d0    00000010     (__TI_cinit_table)

.init_array 
*          0    00000000    00000000     UNINITIALIZED

.bss       0    20000000    00002400     UNINITIALIZED
                  20000000    00001000     main.obj (.bss:g_ui32DstBuf)
                  20001000    00001000     main.obj (.bss:g_ui32SrcBuf)
                  20002000    00000400     main.obj (.bss:pui8ControlTable)

.TI.noinit 
*          0    20000000    00000000     UNINITIALIZED

.stack     0    20002400    00000200     UNINITIALIZED
                  20002400    00000200     --HOLE--

.data      0    20002600    00000020     UNINITIALIZED
                  20002600    0000000c     main.obj (.data)
                  2000260c    00000008     rtsv7M4_T_le_v4SPD16_eabi.lib : _lock.obj (.data)
                  20002614    00000008                                   : exit.obj (.data)
                  2000261c    00000004                                   : stkdepth_vars.obj (.data)

.TI.persistent 
*          0    20002600    00000000     UNINITIALIZED


LINKER GENERATED COPY TABLES

__TI_cinit_table @ 000006d0 records: 2, size/record: 8, table size: 16
	.data: load addr=000006a8, load size=00000012 bytes, run addr=20002600, run size=00000020 bytes, compression=rle
	.bss: load addr=000006c8, load size=00000008 bytes, run addr=20000000, run size=00002400 bytes, compression=zero_init


LINKER GENERATED HANDLER TABLE

__TI_handler_table @ 000006bc records: 3, size/record: 4, table size: 12
	index: 0, handler: __TI_decompress_rle24
	index: 1, handler: __TI_decompress_none
	index: 2, handler: __TI_zero_init


GLOBAL SYMBOLS: SORTED ALPHABETICALLY BY Name 

address   name                           
-------   ----                           
00000605  C$$EXIT                        
000002c7  InitSWTransfer                 
UNDEFED   ROM_FPULazyStackingEnable      
UNDEFED   ROM_IntEnable                  
UNDEFED   ROM_SysCtlClockSet             
UNDEFED   ROM_SysCtlPeripheralClockGating
UNDEFED   ROM_SysCtlPeripheralEnable     
UNDEFED   ROM_SysCtlPeripheralSleepEnable
UNDEFED   ROM_uDMAChannelAttributeDisable
UNDEFED   ROM_uDMAChannelControlSet      
UNDEFED   ROM_uDMAChannelEnable          
UNDEFED   ROM_uDMAChannelModeGet         
UNDEFED   ROM_uDMAChannelRequest         
UNDEFED   ROM_uDMAChannelTransferSet     
UNDEFED   ROM_uDMAControlBaseSet         
UNDEFED   ROM_uDMAEnable                 
UNDEFED   ROM_uDMAErrorStatusClear       
UNDEFED   ROM_uDMAErrorStatusGet         
0000068f  ResetISR                       
UNDEFED   SHT$$INIT_ARRAY$$Base          
UNDEFED   SHT$$INIT_ARRAY$$Limit         
20002600  __STACK_END                    
00000200  __STACK_SIZE                   
20002600  __STACK_TOP                    
000006d0  __TI_CINIT_Base                
000006e0  __TI_CINIT_Limit               
000006bc  __TI_Handler_Table_Base        
000006c8  __TI_Handler_Table_Limit       
00000491  __TI_auto_init                 
20002614  __TI_cleanup_ptr               
00000675  __TI_decompress_none           
0000069b  __TI_decompress_rle24          
20002618  __TI_dtors_ptr                 
00000000  __TI_static_base__             
00000683  __TI_zero_init                 
00000415  __aeabi_memclr                 
00000415  __aeabi_memclr4                
00000415  __aeabi_memclr8                
00000379  __aeabi_memcpy                 
00000379  __aeabi_memcpy4                
00000379  __aeabi_memcpy8                
00000417  __aeabi_memset                 
00000417  __aeabi_memset4                
00000417  __aeabi_memset8                
ffffffff  __binit__                      
ffffffff  __c_args__                     
20002400  __stack                        
00000649  _args_main                     
00000569  _c_int00                       
2000260c  _lock                          
0000066f  _nop                           
00000667  _register_lock                 
00000661  _register_unlock               
000006a1  _system_pre_init               
20002610  _unlock                        
00000609  abort                          
ffffffff  binit                          
000005b9  copy_in                        
00000611  exit                           
00000000  g_pfnVectors                   
0000031f  main                           
2000261c  main_func_sp                   
00000379  memcpy                         
0000041d  memset                         
20002000  pui8ControlTable               
0000026d  uDMAErrorHandler               
00000287  uDMAIntHandler                 


GLOBAL SYMBOLS: SORTED BY Symbol Address 

address   name                           
-------   ----                           
00000000  __TI_static_base__             
00000000  g_pfnVectors                   
00000200  __STACK_SIZE                   
0000026d  uDMAErrorHandler               
00000287  uDMAIntHandler                 
000002c7  InitSWTransfer                 
0000031f  main                           
00000379  __aeabi_memcpy                 
00000379  __aeabi_memcpy4                
00000379  __aeabi_memcpy8                
00000379  memcpy                         
00000415  __aeabi_memclr                 
00000415  __aeabi_memclr4                
00000415  __aeabi_memclr8                
00000417  __aeabi_memset                 
00000417  __aeabi_memset4                
00000417  __aeabi_memset8                
0000041d  memset                         
00000491  __TI_auto_init                 
00000569  _c_int00                       
000005b9  copy_in                        
00000605  C$$EXIT                        
00000609  abort                          
00000611  exit                           
00000649  _args_main                     
00000661  _register_unlock               
00000667  _register_lock                 
0000066f  _nop                           
00000675  __TI_decompress_none           
00000683  __TI_zero_init                 
0000068f  ResetISR                       
0000069b  __TI_decompress_rle24          
000006a1  _system_pre_init               
000006bc  __TI_Handler_Table_Base        
000006c8  __TI_Handler_Table_Limit       
000006d0  __TI_CINIT_Base                
000006e0  __TI_CINIT_Limit               
20002000  pui8ControlTable               
20002400  __stack                        
20002600  __STACK_END                    
20002600  __STACK_TOP                    
2000260c  _lock                          
20002610  _unlock                        
20002614  __TI_cleanup_ptr               
20002618  __TI_dtors_ptr                 
2000261c  main_func_sp                   
ffffffff  __binit__                      
ffffffff  __c_args__                     
ffffffff  binit                          
UNDEFED   ROM_FPULazyStackingEnable      
UNDEFED   ROM_IntEnable                  
UNDEFED   ROM_SysCtlClockSet             
UNDEFED   ROM_SysCtlPeripheralClockGating
UNDEFED   ROM_SysCtlPeripheralEnable     
UNDEFED   ROM_SysCtlPeripheralSleepEnable
UNDEFED   ROM_uDMAChannelAttributeDisable
UNDEFED   ROM_uDMAChannelControlSet      
UNDEFED   ROM_uDMAChannelEnable          
UNDEFED   ROM_uDMAChannelModeGet         
UNDEFED   ROM_uDMAChannelRequest         
UNDEFED   ROM_uDMAChannelTransferSet     
UNDEFED   ROM_uDMAControlBaseSet         
UNDEFED   ROM_uDMAEnable                 
UNDEFED   ROM_uDMAErrorStatusClear       
UNDEFED   ROM_uDMAErrorStatusGet         
UNDEFED   SHT$$INIT_ARRAY$$Base          
UNDEFED   SHT$$INIT_ARRAY$$Limit         

[67 symbols]
