******************************************************************************
                  TI ARM Linker PC v5.2.5                      
******************************************************************************
>> Linked Sun Dec 13 06:26:19 2015

OUTPUT FILE NAME:   <lab4.out>
ENTRY POINT SYMBOL: "_c_int00"  address: 000009b5


MEMORY CONFIGURATION

         name            origin    length      used     unused   attr    fill
----------------------  --------  ---------  --------  --------  ----  --------
  FLASH                 00000000   00040000  00000cd6  0003f32a  R  X
  SRAM                  20000000   00008000  00000214  00007dec  RW X


SEGMENT ALLOCATION MAP

run origin  load origin   length   init length attrs members
----------  ----------- ---------- ----------- ----- -------
00000000    00000000    00000cd8   00000cd8    r-x
  00000000    00000000    0000026c   0000026c    r-- .intvecs
  0000026c    0000026c    0000096e   0000096e    r-x .text
  00000bdc    00000bdc    000000dc   000000dc    r-- .const
  00000cb8    00000cb8    00000020   00000020    r-- .cinit
20000000    20000000    00000214   00000000    rw-
  20000000    20000000    00000200   00000000    rw- .stack
  20000200    20000200    00000014   00000000    rw- .data


SECTION ALLOCATION MAP

 output                                  attributes/
section   page    origin      length       input sections
--------  ----  ----------  ----------   ----------------
.intvecs   0    00000000    0000026c     
                  00000000    0000026c     tm4c123gh6pm_startup_ccs.obj (.intvecs)

.text      0    0000026c    0000096e     
                  0000026c    00000132     driverlib.lib : gpio.obj (.text:GPIOPadConfigSet)
                  0000039e    00000002     --HOLE-- [fill = 0]
                  000003a0    00000110                   : sysctl.obj (.text:SysCtlClockGet)
                  000004b0    00000100     main.obj (.text)
                  000005b0    000000f4     driverlib.lib : sysctl.obj (.text:SysCtlClockSet)
                  000006a4    0000009c     rtsv7M4_T_le_v4SPD16_eabi.lib : memcpy_t2.obj (.text)
                  00000740    0000007a                                   : memset_t2.obj (.text)
                  000007ba    00000002     --HOLE-- [fill = 0]
                  000007bc    0000006c                                   : autoinit.obj (.text)
                  00000828    0000006a                                   : copy_decompress_rle.obj (.text)
                  00000892    00000002     --HOLE-- [fill = 0]
                  00000894    00000068     driverlib.lib : interrupt.obj (.text:IntEnable)
                  000008fc    00000060                   : timer.obj (.text:TimerConfigure)
                  0000095c    00000056                   : gpio.obj (.text:GPIOIntTypeSet)
                  000009b2    00000002     --HOLE-- [fill = 0]
                  000009b4    00000050     rtsv7M4_T_le_v4SPD16_eabi.lib : boot.obj (.text)
                  00000a04    0000004c                                   : cpy_tbl.obj (.text)
                  00000a50    00000044                                   : exit.obj (.text)
                  00000a94    00000034     driverlib.lib : sysctl.obj (.text:SysCtlPeripheralEnable)
                  00000ac8    0000002a                   : gpio.obj (.text:GPIODirModeSet)
                  00000af2    00000018                   : gpio.obj (.text:GPIOPinTypeGPIOOutput)
                  00000b0a    00000002     --HOLE-- [fill = 0]
                  00000b0c    00000018     rtsv7M4_T_le_v4SPD16_eabi.lib : args_main.obj (.text)
                  00000b24    00000014                                   : _lock.obj (.text)
                  00000b38    00000012     driverlib.lib : gpio.obj (.text:GPIOPinTypeGPIOInput)
                  00000b4a    00000012                   : timer.obj (.text:TimerLoadSet)
                  00000b5c    00000010                   : interrupt.obj (.text:IntMasterEnable)
                  00000b6c    0000000e                   : timer.obj (.text:TimerEnable)
                  00000b7a    0000000e     rtsv7M4_T_le_v4SPD16_eabi.lib : copy_decompress_none.obj (.text:decompress:none)
                  00000b88    0000000c     driverlib.lib : cpu.obj (.text:CPUcpsie)
                  00000b94    0000000c                   : gpio.obj (.text:GPIOIntEnable)
                  00000ba0    0000000c     tm4c123gh6pm_startup_ccs.obj (.text)
                  00000bac    00000008     driverlib.lib : timer.obj (.text:TimerIntEnable)
                  00000bb4    00000006                   : gpio.obj (.text:GPIOIntClear)
                  00000bba    00000006                   : gpio.obj (.text:GPIOPinRead)
                  00000bc0    00000006                   : gpio.obj (.text:GPIOPinWrite)
                  00000bc6    00000006                   : sysctl.obj (.text:SysCtlDelay)
                  00000bcc    00000006     rtsv7M4_T_le_v4SPD16_eabi.lib : copy_decompress_rle.obj (.text:decompress:rle24)
                  00000bd2    00000004     driverlib.lib : timer.obj (.text:TimerIntClear)
                  00000bd6    00000004     rtsv7M4_T_le_v4SPD16_eabi.lib : pre_init.obj (.text)

.const     0    00000bdc    000000dc     
                  00000bdc    00000070     driverlib.lib : interrupt.obj (.const)
                  00000c4c    0000006c                   : sysctl.obj (.const:g_pui32Xtals)

.cinit     0    00000cb8    00000020     
                  00000cb8    0000000f     (.cinit..data.load) [load image, compression = rle]
                  00000cc7    00000001     --HOLE-- [fill = 0]
                  00000cc8    00000008     (__TI_handler_table)
                  00000cd0    00000008     (__TI_cinit_table)

.init_array 
*          0    00000000    00000000     UNINITIALIZED

.stack     0    20000000    00000200     UNINITIALIZED
                  20000000    00000200     --HOLE--

.data      0    20000200    00000014     UNINITIALIZED
                  20000200    00000008     rtsv7M4_T_le_v4SPD16_eabi.lib : _lock.obj (.data)
                  20000208    00000008                                   : exit.obj (.data)
                  20000210    00000004                                   : stkdepth_vars.obj (.data)

.TI.persistent 
*          0    20000200    00000000     UNINITIALIZED


LINKER GENERATED COPY TABLES

__TI_cinit_table @ 00000cd0 records: 1, size/record: 8, table size: 8
	.data: load addr=00000cb8, load size=0000000f bytes, run addr=20000200, run size=00000014 bytes, compression=rle


LINKER GENERATED HANDLER TABLE

__TI_handler_table @ 00000cc8 records: 2, size/record: 4, table size: 8
	index: 0, handler: __TI_decompress_rle24
	index: 1, handler: __TI_decompress_none


GLOBAL SYMBOLS: SORTED ALPHABETICALLY BY Name 

address   name                    
-------   ----                    
00000a51  C$$EXIT                 
00000b89  CPUcpsie                
00000ac9  GPIODirModeSet          
00000bb5  GPIOIntClear            
00000b95  GPIOIntEnable           
0000095d  GPIOIntTypeSet          
0000026d  GPIOPadConfigSet        
00000bbb  GPIOPinRead             
00000b39  GPIOPinTypeGPIOInput    
00000af3  GPIOPinTypeGPIOOutput   
00000bc1  GPIOPinWrite            
00000895  IntEnable               
00000b5d  IntMasterEnable         
0000053b  IntSwitch2Handler       
00000ba1  ResetISR                
UNDEFED   SHT$$INIT_ARRAY$$Base   
UNDEFED   SHT$$INIT_ARRAY$$Limit  
000003a1  SysCtlClockGet          
000005b1  SysCtlClockSet          
00000bc7  SysCtlDelay             
00000a95  SysCtlPeripheralEnable  
00000561  Timer0IntHandler        
000008fd  TimerConfigure          
00000b6d  TimerEnable             
00000bd3  TimerIntClear           
00000bad  TimerIntEnable          
00000b4b  TimerLoadSet            
20000200  __STACK_END             
00000200  __STACK_SIZE            
20000200  __STACK_TOP             
00000cd0  __TI_CINIT_Base         
00000cd8  __TI_CINIT_Limit        
00000cc8  __TI_Handler_Table_Base 
00000cd0  __TI_Handler_Table_Limit
000007bd  __TI_auto_init          
20000208  __TI_cleanup_ptr        
00000b7b  __TI_decompress_none    
00000bcd  __TI_decompress_rle24   
2000020c  __TI_dtors_ptr          
00000000  __TI_static_base__      
00000741  __aeabi_memclr          
00000741  __aeabi_memclr4         
00000741  __aeabi_memclr8         
000006a5  __aeabi_memcpy          
000006a5  __aeabi_memcpy4         
000006a5  __aeabi_memcpy8         
00000743  __aeabi_memset          
00000743  __aeabi_memset4         
00000743  __aeabi_memset8         
ffffffff  __binit__               
ffffffff  __c_args__              
20000000  __stack                 
00000b0d  _args_main              
000009b5  _c_int00                
20000200  _lock                   
00000b33  _nop                    
00000b2b  _register_lock          
00000b25  _register_unlock        
00000bd7  _system_pre_init        
20000204  _unlock                 
00000a55  abort                   
ffffffff  binit                   
00000a05  copy_in                 
00000a5d  exit                    
00000000  g_pfnVectors            
000004b1  main                    
20000210  main_func_sp            
000006a5  memcpy                  
00000749  memset                  


GLOBAL SYMBOLS: SORTED BY Symbol Address 

address   name                    
-------   ----                    
00000000  __TI_static_base__      
00000000  g_pfnVectors            
00000200  __STACK_SIZE            
0000026d  GPIOPadConfigSet        
000003a1  SysCtlClockGet          
000004b1  main                    
0000053b  IntSwitch2Handler       
00000561  Timer0IntHandler        
000005b1  SysCtlClockSet          
000006a5  __aeabi_memcpy          
000006a5  __aeabi_memcpy4         
000006a5  __aeabi_memcpy8         
000006a5  memcpy                  
00000741  __aeabi_memclr          
00000741  __aeabi_memclr4         
00000741  __aeabi_memclr8         
00000743  __aeabi_memset          
00000743  __aeabi_memset4         
00000743  __aeabi_memset8         
00000749  memset                  
000007bd  __TI_auto_init          
00000895  IntEnable               
000008fd  TimerConfigure          
0000095d  GPIOIntTypeSet          
000009b5  _c_int00                
00000a05  copy_in                 
00000a51  C$$EXIT                 
00000a55  abort                   
00000a5d  exit                    
00000a95  SysCtlPeripheralEnable  
00000ac9  GPIODirModeSet          
00000af3  GPIOPinTypeGPIOOutput   
00000b0d  _args_main              
00000b25  _register_unlock        
00000b2b  _register_lock          
00000b33  _nop                    
00000b39  GPIOPinTypeGPIOInput    
00000b4b  TimerLoadSet            
00000b5d  IntMasterEnable         
00000b6d  TimerEnable             
00000b7b  __TI_decompress_none    
00000b89  CPUcpsie                
00000b95  GPIOIntEnable           
00000ba1  ResetISR                
00000bad  TimerIntEnable          
00000bb5  GPIOIntClear            
00000bbb  GPIOPinRead             
00000bc1  GPIOPinWrite            
00000bc7  SysCtlDelay             
00000bcd  __TI_decompress_rle24   
00000bd3  TimerIntClear           
00000bd7  _system_pre_init        
00000cc8  __TI_Handler_Table_Base 
00000cd0  __TI_CINIT_Base         
00000cd0  __TI_Handler_Table_Limit
00000cd8  __TI_CINIT_Limit        
20000000  __stack                 
20000200  __STACK_END             
20000200  __STACK_TOP             
20000200  _lock                   
20000204  _unlock                 
20000208  __TI_cleanup_ptr        
2000020c  __TI_dtors_ptr          
20000210  main_func_sp            
ffffffff  __binit__               
ffffffff  __c_args__              
ffffffff  binit                   
UNDEFED   SHT$$INIT_ARRAY$$Base   
UNDEFED   SHT$$INIT_ARRAY$$Limit  

[69 symbols]
