******************************************************************************
                  TI ARM Linker PC v5.2.5                      
******************************************************************************
>> Linked Sun Dec 13 14:47:44 2015

OUTPUT FILE NAME:   <lab12_1.out>
ENTRY POINT SYMBOL: "_c_int00"  address: 00000929


MEMORY CONFIGURATION

         name            origin    length      used     unused   attr    fill
----------------------  --------  ---------  --------  --------  ----  --------
  FLASH                 00000000   00040000  00000eb0  0003f150  R  X
  SRAM                  20000000   00008000  00000214  00007dec  RW X


SEGMENT ALLOCATION MAP

run origin  load origin   length   init length attrs members
----------  ----------- ---------- ----------- ----- -------
00000000    00000000    00000eb0   00000eb0    r-x
  00000000    00000000    0000026c   0000026c    r-- .intvecs
  0000026c    0000026c    000009b4   000009b4    r-x .text
  00000c20    00000c20    00000270   00000270    r-- .const
  00000e90    00000e90    00000020   00000020    r-- .cinit
20000000    20000000    00000214   00000000    rw-
  20000000    20000000    00000200   00000000    rw- .stack
  20000200    20000200    00000014   00000000    rw- .data


SECTION ALLOCATION MAP

 output                                  attributes/
section   page    origin      length       input sections
--------  ----  ----------  ----------   ----------------
.intvecs   0    00000000    0000026c     
                  00000000    0000026c     tm4c123gh6pm_startup_ccs.obj (.intvecs)

.text      0    0000026c    000009b4     
                  0000026c    00000138     main.obj (.text)
                  000003a4    00000130     driverlib.lib : gpio.obj (.text:GPIOPadConfigSet)
                  000004d4    0000010c                   : sysctl.obj (.text:SysCtlClockGet)
                  000005e0    000000f0                   : sysctl.obj (.text:SysCtlClockSet)
                  000006d0    0000009c     rtsv7M4_T_le_v4SPD16_eabi.lib : memcpy_t2.obj (.text)
                  0000076c    0000007a                                   : memset_t2.obj (.text)
                  000007e6    00000002     --HOLE-- [fill = 0]
                  000007e8    0000006c                                   : autoinit.obj (.text)
                  00000854    0000006a                                   : copy_decompress_rle.obj (.text)
                  000008be    00000002     --HOLE-- [fill = 0]
                  000008c0    00000068     driverlib.lib : interrupt.obj (.text:IntEnable)
                  00000928    00000050     rtsv7M4_T_le_v4SPD16_eabi.lib : boot.obj (.text)
                  00000978    0000004c                                   : cpy_tbl.obj (.text)
                  000009c4    00000048     driverlib.lib : gpio.obj (.text:GPIOPinConfigure)
                  00000a0c    00000044     rtsv7M4_T_le_v4SPD16_eabi.lib : exit.obj (.text)
                  00000a50    00000042     driverlib.lib : uart.obj (.text:UARTConfigSetExpClk)
                  00000a92    00000002     --HOLE-- [fill = 0]
                  00000a94    00000034                   : sysctl.obj (.text:SysCtlPeripheralEnable)
                  00000ac8    0000002a                   : gpio.obj (.text:GPIODirModeSet)
                  00000af2    00000002     --HOLE-- [fill = 0]
                  00000af4    0000001c                   : uart.obj (.text:UARTDisable)
                  00000b10    00000018                   : gpio.obj (.text:GPIOPinTypeGPIOOutput)
                  00000b28    00000018     rtsv7M4_T_le_v4SPD16_eabi.lib : args_main.obj (.text)
                  00000b40    00000014     driverlib.lib : uart.obj (.text:UARTEnable)
                  00000b54    00000014     rtsv7M4_T_le_v4SPD16_eabi.lib : _lock.obj (.text)
                  00000b68    00000012     driverlib.lib : gpio.obj (.text:GPIOPinTypeUART)
                  00000b7a    00000010                   : interrupt.obj (.text:IntMasterEnable)
                  00000b8a    00000002     --HOLE-- [fill = 0]
                  00000b8c    00000010     rtsv7M4_T_le_v4SPD16_eabi.lib : isalpha.obj (.text)
                  00000b9c    0000000e     driverlib.lib : uart.obj (.text:UARTCharGetNonBlocking)
                  00000baa    0000000e                   : uart.obj (.text:UARTCharPutNonBlocking)
                  00000bb8    0000000e     rtsv7M4_T_le_v4SPD16_eabi.lib : copy_decompress_none.obj (.text:decompress:none)
                  00000bc6    0000000c     driverlib.lib : cpu.obj (.text:CPUcpsie)
                  00000bd2    0000000c                   : uart.obj (.text:UARTCharsAvail)
                  00000bde    0000000c     tm4c123gh6pm_startup_ccs.obj (.text)
                  00000bea    0000000a     driverlib.lib : uart.obj (.text:UARTCharPut)
                  00000bf4    0000000a                   : uart.obj (.text:UARTIntStatus)
                  00000bfe    00000008                   : uart.obj (.text:UARTIntEnable)
                  00000c06    00000006                   : gpio.obj (.text:GPIOPinWrite)
                  00000c0c    00000006                   : sysctl.obj (.text:SysCtlDelay)
                  00000c12    00000006     rtsv7M4_T_le_v4SPD16_eabi.lib : copy_decompress_rle.obj (.text:decompress:rle24)
                  00000c18    00000004     driverlib.lib : uart.obj (.text:UARTIntClear)
                  00000c1c    00000004     rtsv7M4_T_le_v4SPD16_eabi.lib : pre_init.obj (.text)

.const     0    00000c20    00000270     
                  00000c20    00000101     rtsv7M4_T_le_v4SPD16_eabi.lib : ctype.obj (.const:.string:_ctypes_)
                  00000d21    00000003     --HOLE-- [fill = 0]
                  00000d24    00000090     driverlib.lib : gpio.obj (.const:g_pui32GPIOBaseAddrs)
                  00000db4    00000070                   : interrupt.obj (.const)
                  00000e24    0000006c                   : sysctl.obj (.const:g_pui32Xtals)

.cinit     0    00000e90    00000020     
                  00000e90    0000000f     (.cinit..data.load) [load image, compression = rle]
                  00000e9f    00000001     --HOLE-- [fill = 0]
                  00000ea0    00000008     (__TI_handler_table)
                  00000ea8    00000008     (__TI_cinit_table)

.init_array 
*          0    00000000    00000000     UNINITIALIZED

.stack     0    20000000    00000200     UNINITIALIZED
                  20000000    00000200     --HOLE--

.data      0    20000200    00000014     UNINITIALIZED
                  20000200    00000008     rtsv7M4_T_le_v4SPD16_eabi.lib : _lock.obj (.data)
                  20000208    00000008                                   : exit.obj (.data)
                  20000210    00000004                                   : stkdepth_vars.obj (.data)

.TI.persistent 
*          0    20000200    00000000     UNINITIALIZED


LINKER GENERATED COPY TABLES

__TI_cinit_table @ 00000ea8 records: 1, size/record: 8, table size: 8
	.data: load addr=00000e90, load size=0000000f bytes, run addr=20000200, run size=00000014 bytes, compression=rle


LINKER GENERATED HANDLER TABLE

__TI_handler_table @ 00000ea0 records: 2, size/record: 4, table size: 8
	index: 0, handler: __TI_decompress_rle24
	index: 1, handler: __TI_decompress_none


GLOBAL SYMBOLS: SORTED ALPHABETICALLY BY Name 

address   name                    
-------   ----                    
00000a0d  C$$EXIT                 
00000bc7  CPUcpsie                
00000ac9  GPIODirModeSet          
000003a5  GPIOPadConfigSet        
000009c5  GPIOPinConfigure        
00000b11  GPIOPinTypeGPIOOutput   
00000b69  GPIOPinTypeUART         
00000c07  GPIOPinWrite            
000008c1  IntEnable               
00000b7b  IntMasterEnable         
00000bdf  ResetISR                
UNDEFED   SHT$$INIT_ARRAY$$Base   
UNDEFED   SHT$$INIT_ARRAY$$Limit  
000004d5  SysCtlClockGet          
000005e1  SysCtlClockSet          
00000c0d  SysCtlDelay             
00000a95  SysCtlPeripheralEnable  
00000b9d  UARTCharGetNonBlocking  
00000beb  UARTCharPut             
00000bab  UARTCharPutNonBlocking  
00000bd3  UARTCharsAvail          
00000a51  UARTConfigSetExpClk     
00000af5  UARTDisable             
00000b41  UARTEnable              
00000c19  UARTIntClear            
00000bff  UARTIntEnable           
000002fb  UARTIntHandler          
00000bf5  UARTIntStatus           
20000200  __STACK_END             
00000200  __STACK_SIZE            
20000200  __STACK_TOP             
00000ea8  __TI_CINIT_Base         
00000eb0  __TI_CINIT_Limit        
00000ea0  __TI_Handler_Table_Base 
00000ea8  __TI_Handler_Table_Limit
000007e9  __TI_auto_init          
20000208  __TI_cleanup_ptr        
00000bb9  __TI_decompress_none    
00000c13  __TI_decompress_rle24   
2000020c  __TI_dtors_ptr          
00000000  __TI_static_base__      
0000076d  __aeabi_memclr          
0000076d  __aeabi_memclr4         
0000076d  __aeabi_memclr8         
000006d1  __aeabi_memcpy          
000006d1  __aeabi_memcpy4         
000006d1  __aeabi_memcpy8         
0000076f  __aeabi_memset          
0000076f  __aeabi_memset4         
0000076f  __aeabi_memset8         
ffffffff  __binit__               
ffffffff  __c_args__              
20000000  __stack                 
00000b29  _args_main              
00000929  _c_int00                
00000c20  _ctypes_                
20000200  _lock                   
00000b63  _nop                    
00000b5b  _register_lock          
00000b55  _register_unlock        
00000c1d  _system_pre_init        
20000204  _unlock                 
00000a11  abort                   
ffffffff  binit                   
00000979  copy_in                 
00000a19  exit                    
00000000  g_pfnVectors            
00000b8d  isalpha                 
0000026d  main                    
20000210  main_func_sp            
000006d1  memcpy                  
00000775  memset                  


GLOBAL SYMBOLS: SORTED BY Symbol Address 

address   name                    
-------   ----                    
00000000  __TI_static_base__      
00000000  g_pfnVectors            
00000200  __STACK_SIZE            
0000026d  main                    
000002fb  UARTIntHandler          
000003a5  GPIOPadConfigSet        
000004d5  SysCtlClockGet          
000005e1  SysCtlClockSet          
000006d1  __aeabi_memcpy          
000006d1  __aeabi_memcpy4         
000006d1  __aeabi_memcpy8         
000006d1  memcpy                  
0000076d  __aeabi_memclr          
0000076d  __aeabi_memclr4         
0000076d  __aeabi_memclr8         
0000076f  __aeabi_memset          
0000076f  __aeabi_memset4         
0000076f  __aeabi_memset8         
00000775  memset                  
000007e9  __TI_auto_init          
000008c1  IntEnable               
00000929  _c_int00                
00000979  copy_in                 
000009c5  GPIOPinConfigure        
00000a0d  C$$EXIT                 
00000a11  abort                   
00000a19  exit                    
00000a51  UARTConfigSetExpClk     
00000a95  SysCtlPeripheralEnable  
00000ac9  GPIODirModeSet          
00000af5  UARTDisable             
00000b11  GPIOPinTypeGPIOOutput   
00000b29  _args_main              
00000b41  UARTEnable              
00000b55  _register_unlock        
00000b5b  _register_lock          
00000b63  _nop                    
00000b69  GPIOPinTypeUART         
00000b7b  IntMasterEnable         
00000b8d  isalpha                 
00000b9d  UARTCharGetNonBlocking  
00000bab  UARTCharPutNonBlocking  
00000bb9  __TI_decompress_none    
00000bc7  CPUcpsie                
00000bd3  UARTCharsAvail          
00000bdf  ResetISR                
00000beb  UARTCharPut             
00000bf5  UARTIntStatus           
00000bff  UARTIntEnable           
00000c07  GPIOPinWrite            
00000c0d  SysCtlDelay             
00000c13  __TI_decompress_rle24   
00000c19  UARTIntClear            
00000c1d  _system_pre_init        
00000c20  _ctypes_                
00000ea0  __TI_Handler_Table_Base 
00000ea8  __TI_CINIT_Base         
00000ea8  __TI_Handler_Table_Limit
00000eb0  __TI_CINIT_Limit        
20000000  __stack                 
20000200  __STACK_END             
20000200  __STACK_TOP             
20000200  _lock                   
20000204  _unlock                 
20000208  __TI_cleanup_ptr        
2000020c  __TI_dtors_ptr          
20000210  main_func_sp            
ffffffff  __binit__               
ffffffff  __c_args__              
ffffffff  binit                   
UNDEFED   SHT$$INIT_ARRAY$$Base   
UNDEFED   SHT$$INIT_ARRAY$$Limit  

[72 symbols]
