******************************************************************************
                  TI ARM Linker PC v5.2.5                      
******************************************************************************
>> Linked Sun Dec 13 08:59:50 2015

OUTPUT FILE NAME:   <usb_dev_bulk.out>
ENTRY POINT SYMBOL: "_c_int00"  address: 0000253d


MEMORY CONFIGURATION

         name            origin    length      used     unused   attr    fill
----------------------  --------  ---------  --------  --------  ----  --------
  FLASH                 00000000   00040000  0000397a  0003c686  R  X
  FLASH                 00000000   00040000  00000000  00040000  R  X
  SRAM                  20000000   00008000  00000d99  00007267  RW X
  SRAM                  20000000   00008000  00000000  00008000  RW X


SEGMENT ALLOCATION MAP

run origin  load origin   length   init length attrs members
----------  ----------- ---------- ----------- ----- -------
00000000    00000000    00003980   00003980    r-x
  00000000    00000000    0000026c   0000026c    r-- .intvecs
  0000026c    0000026c    00003480   00003480    r-x .text
  000036ec    000036ec    00000216   00000216    r-- .const
  00003908    00003908    00000078   00000078    r-- .cinit
20000000    20000000    00000d9c   00000000    rw-
  20000000    20000000    00000861   00000000    rw- .bss
  20000864    20000864    00000400   00000000    rw- .stack
  20000c64    20000c64    00000138   00000000    rw- .data


SECTION ALLOCATION MAP

 output                                  attributes/
section   page    origin      length       input sections
--------  ----  ----------  ----------   ----------------
.intvecs   0    00000000    0000026c     
                  00000000    0000026c     startup_ccs.obj (.intvecs)

.text      0    0000026c    00003480     
                  0000026c    000001f4     usb_dev_bulk.obj (.text:main)
                  00000460    000001ea     uartstdio.obj (.text:UARTvprintf)
                  0000064a    00000002     startup_ccs.obj (.text:FaultISR)
                  0000064c    00000160     uartstdio.obj (.text:UARTStdioIntHandler)
                  000007ac    00000160     usblib.lib : usbdma.obj (.text:USBLibDMAInit)
                  0000090c    00000150                : usbdenum.obj (.text:USBDEP0StateTxConfig)
                  00000a5c    00000150                : usbdenum.obj (.text:USBDeviceIntHandlerInternal)
                  00000bac    00000148                : usbdenum.obj (.text:USBDCDInit)
                  00000cf4    00000148                : usbdconfig.obj (.text:USBDeviceConfig)
                  00000e3c    000000f4                : usbdma.obj (.text:iDMAUSBTransfer)
                  00000f30    000000e4                : usbdenum.obj (.text:USBDGetDescriptor)
                  00001014    000000d8                : usbdenum.obj (.text:USBDeviceEnumHandler)
                  000010ec    000000c4                : usbdma.obj (.text:uDMAUSBChannelAllocate)
                  000011b0    000000be                : usbbuffer.obj (.text:HandleRxAvailable)
                  0000126e    000000bc                : usbdma.obj (.text:uDMAUSBTransfer)
                  0000132a    00000002     startup_ccs.obj (.text:IntDefaultHandler)
                  0000132c    000000b0     uartstdio.obj (.text:UARTStdioConfig)
                  000013dc    000000a8     uartstdio.obj (.text:UARTwrite)
                  00001484    0000009c     rtsv7M4_T_le_v4SPD16_eabi.lib : memcpy_t2.obj (.text)
                  00001520    00000098     usblib.lib : usbdenum.obj (.text:USBDSetInterface)
                  000015b8    00000092                : usbbuffer.obj (.text:ScheduleNextTransmission)
                  0000164a    00000002     startup_ccs.obj (.text:NmiSR)
                  0000164c    00000090     usb_dev_bulk.obj (.text:EchoNewDataToHost)
                  000016dc    00000090     usblib.lib : usbdenum.obj (.text:USBDSetConfiguration)
                  0000176c    0000008c     uartstdio.obj (.text:UARTPrimeTransmit)
                  000017f8    0000008c     usblib.lib : usbdconfig.obj (.text:USBDeviceConfigAlternate)
                  00001884    00000084                : usbdma.obj (.text:iDMAUSBChannelAllocate)
                  00001908    00000084     driverlib.lib : udma.obj (.text:uDMAChannelTransferSet)
                  0000198c    00000080     usb_dev_bulk.obj (.text:RxHandler)
                  00001a0c    00000080     usblib.lib : usbdenum.obj (.text:USBDClearFeature)
                  00001a8c    0000007a     driverlib.lib : usb.obj (.text:USBDevEndpointConfigSet)
                  00001b06    0000007a     rtsv7M4_T_le_v4SPD16_eabi.lib : memset_t2.obj (.text)
                  00001b80    00000078     usblib.lib : usbdenum.obj (.text:USBDGetStatus)
                  00001bf8    00000072                : usbdbulk.obj (.text:USBDBulkPacketRead)
                  00001c6a    00000002                : usbdma.obj (.text:iDMAUSBArbSizeSet)
                  00001c6c    00000070                : usbdbulk.obj (.text:USBDBulkCompositeInit)
                  00001cdc    00000070                : usbdenum.obj (.text:USBDEP0StateTx)
                  00001d4c    00000070                : usbdma.obj (.text:uDMAUSBArbSizeSet)
                  00001dbc    00000070                : usbdma.obj (.text:uDMAUSBUnitSizeSet)
                  00001e2c    0000006c                : usbdenum.obj (.text:USBDSetFeature)
                  00001e98    0000006c     rtsv7M4_T_le_v4SPD16_eabi.lib : autoinit.obj (.text)
                  00001f04    0000006a                                   : copy_decompress_rle.obj (.text)
                  00001f6e    00000002     usblib.lib : usbdma.obj (.text:iDMAUSBUnitSizeSet)
                  00001f70    00000068     driverlib.lib : interrupt.obj (.text:IntDisable)
                  00001fd8    00000068                   : interrupt.obj (.text:IntEnable)
                  00002040    00000064     usb_dev_bulk.obj (.text:ConfigureUART)
                  000020a4    00000064     driverlib.lib : interrupt.obj (.text:IntIsEnabled)
                  00002108    00000064     usblib.lib : usbbuffer.obj (.text:USBBufferEventCallback)
                  0000216c    00000064                : usbdma.obj (.text:uDMAUSBChannelEnable)
                  000021d0    00000060                : usbdbulk.obj (.text:HandleDevice)
                  00002230    00000060                : usbdbulk.obj (.text:ProcessDataFromHost)
                  00002290    00000060                : usbdenum.obj (.text:USBDReadAndDispatchRequest)
                  000022f0    0000005e     driverlib.lib : usb.obj (.text:USBDevEndpointStatusClear)
                  0000234e    00000056     usblib.lib : usbdma.obj (.text:uDMAUSBChannelRelease)
                  000023a4    00000054                : usbdbulk.obj (.text:USBDBulkPacketWrite)
                  000023f8    00000052                : usbulpi.obj (.text:ULPIConfigSet)
                  0000244a    00000002     rtsv7M4_T_le_v4SPD16_eabi.lib : i_div0.obj (.text)
                  0000244c    00000050     driverlib.lib : sysctl.obj (.text:SysCtlPeripheralReset)
                  0000249c    00000050     usblib.lib : usbdcdesc.obj (.text:USBDCDConfigDescGet)
                  000024ec    00000050                : usbdenum.obj (.text:USBDeviceResumeTickHandler)
                  0000253c    00000050     rtsv7M4_T_le_v4SPD16_eabi.lib : boot.obj (.text)
                  0000258c    0000004c     usblib.lib : usbdconfig.obj (.text:GetEPDescriptorType)
                  000025d8    0000004c                : usbdenum.obj (.text:USBDStringIndexFromRequest)
                  00002624    0000004c     driverlib.lib : usb.obj (.text:USBEndpointDMAConfigSet)
                  00002670    0000004c     usblib.lib : usbdma.obj (.text:iDMAUSBChannelEnable)
                  000026bc    0000004c     rtsv7M4_T_le_v4SPD16_eabi.lib : cpy_tbl.obj (.text)
                  00002708    0000004a     usblib.lib : usbdcdesc.obj (.text:ConfigAlternateInterfaceGet)
                  00002752    0000004a     driverlib.lib : usb.obj (.text:USBDevEndpointStallClear)
                  0000279c    0000004a     usblib.lib : usbdma.obj (.text:uDMAUSBChannelDisable)
                  000027e6    00000002                : usbdma.obj (.text:uDMAUSBChannelIntDisable)
                  000027e8    00000048                : usbdenum.obj (.text:USBDeviceEnumResetHandler)
                  00002830    00000048     driverlib.lib : udma.obj (.text:uDMAChannelAttributeDisable)
                  00002878    00000046                   : usb.obj (.text:USBEndpointDataGet)
                  000028be    00000002     usblib.lib : usbdma.obj (.text:uDMAUSBChannelIntEnable)
                  000028c0    00000044                : usbdenum.obj (.text:USBDCDDeviceInfoInit)
                  00002904    00000044                : usbdenum.obj (.text:USBDGetInterface)
                  00002948    00000044     rtsv7M4_T_le_v4SPD16_eabi.lib : exit.obj (.text)
                  0000298c    00000040     usblib.lib : usbdbulk.obj (.text:USBDBulkInit)
                  000029cc    00000040     rtsv7M4_T_le_v4SPD16_eabi.lib : u_divt2.obj (.text)
                  00002a0c    0000003c     uartstdio.obj (.text:UARTFlushTx)
                  00002a48    0000003c     usblib.lib : usbdma.obj (.text:iDMAUSBChannelRelease)
                  00002a84    0000003a     driverlib.lib : usb.obj (.text:USBFIFOConfigSet)
                  00002abe    00000002     --HOLE-- [fill = 0]
                  00002ac0    00000038     usblib.lib : usbtick.obj (.text:InternalUSBRegisterTickHandler)
                  00002af8    00000038                : usbtick.obj (.text:InternalUSBStartOfFrameTick)
                  00002b30    00000038                : usbdcdesc.obj (.text:USBDCDConfigGetInterfaceEndpoint)
                  00002b68    00000038     driverlib.lib : usb.obj (.text:USBIntStatusControl)
                  00002ba0    00000038     usblib.lib : usbringbuf.obj (.text:USBRingBufAdvanceWrite)
                  00002bd8    00000036     driverlib.lib : usb.obj (.text:USBEndpointDataPut)
                  00002c0e    00000034     usblib.lib : usbdbulk.obj (.text:HandleEndpoints)
                  00002c42    00000002     --HOLE-- [fill = 0]
                  00002c44    00000034     driverlib.lib : sysctl.obj (.text:SysCtlPeripheralEnable)
                  00002c78    00000034                   : usb.obj (.text:USBEndpointDataSend)
                  00002cac    00000034     usblib.lib : usbdma.obj (.text:iDMAUSBChannelStatus)
                  00002ce0    00000032                : usbdcdesc.obj (.text:NextConfigDescGet)
                  00002d12    00000032                : usbdbulk.obj (.text:ProcessDataToHost)
                  00002d44    00000032     driverlib.lib : usb.obj (.text:USBDevEndpointStall)
                  00002d76    00000032     usblib.lib : usbdma.obj (.text:iDMAUSBChannelDisable)
                  00002da8    00000030                : usbdma.obj (.text:DMAUSBIntHandler)
                  00002dd8    00000030                : usbtick.obj (.text:InternalUSBTickInit)
                  00002e08    00000030                : usbdenum.obj (.text:USBDGetConfiguration)
                  00002e38    00000030                : usbringbuf.obj (.text:UpdateIndexAtomic)
                  00002e68    0000002c     uartstdio.obj (.text:UARTFlushRx)
                  00002e94    0000002c     usblib.lib : usbdesc.obj (.text:USBDescGet)
                  00002ec0    0000002c                : usbdma.obj (.text:uDMAUSBIntStatus)
                  00002eec    0000002a                : usbbuffer.obj (.text:HandleRequestBuffer)
                  00002f16    0000002a                : usbdcdesc.obj (.text:USBDCDConfigDescGetNum)
                  00002f40    0000002a                : usbdesc.obj (.text:USBDescGetNum)
                  00002f6a    0000002a     driverlib.lib : usb.obj (.text:USBDevEndpointDataAck)
                  00002f94    00000028     usblib.lib : usbdenum.obj (.text:USBDSetAddress)
                  00002fbc    00000028     driverlib.lib : usb.obj (.text:USBIntEnableControl)
                  00002fe4    00000028                   : udma.obj (.text:uDMAChannelModeGet)
                  0000300c    00000024     usblib.lib : usbdbulk.obj (.text:BulkTickHandler)
                  00003030    00000024                : usbdbulk.obj (.text:HandleConfigChange)
                  00003054    00000024     driverlib.lib : usb.obj (.text:USBEndpointDMADisable)
                  00003078    00000024                   : usb.obj (.text:USBEndpointDMAEnable)
                  0000309c    00000024     usblib.lib : usbmode.obj (.text:USBStackModeSet)
                  000030c0    00000024     driverlib.lib : udma.obj (.text:uDMAChannelControlSet)
                  000030e4    00000022     usblib.lib : usbdbulk.obj (.text:HandleDisconnect)
                  00003106    00000022                : usbdbulk.obj (.text:USBDBulkRxPacketAvailable)
                  00003128    00000022                : usbdma.obj (.text:uDMAUSBChannelStatus)
                  0000314a    00000020                : usbdconfig.obj (.text:GetEndpointFIFOSize)
                  0000316a    00000020                : usbbuffer.obj (.text:HandleDataRemaining)
                  0000318a    00000020                : usbringbuf.obj (.text:USBRingBufAdvanceRead)
                  000031aa    0000001e                : usbringbuf.obj (.text:USBRingBufContigFree)
                  000031c8    0000001e     driverlib.lib : usb.obj (.text:USBULPIRegRead)
                  000031e6    0000001e                   : usb.obj (.text:USBULPIRegWrite)
                  00003204    0000001c     usblib.lib : usbdcdesc.obj (.text:USBDCDConfigGetInterface)
                  00003220    0000001c                : usbdenum.obj (.text:USBDCDStallEP0)
                  0000323c    0000001c     driverlib.lib : usb.obj (.text:USBEndpointDataAvail)
                  00003258    0000001c     usblib.lib : usbringbuf.obj (.text:USBRingBufWrite)
                  00003274    0000001a     uartstdio.obj (.text:UARTprintf)
                  0000328e    0000001a     usblib.lib : usbdcdesc.obj (.text:USBDCDConfigDescGetSize)
                  000032a8    0000001a     driverlib.lib : usb.obj (.text:USBEndpointDMAChannel)
                  000032c2    00000018     uartstdio.obj (.text:IsBufferFull)
                  000032da    00000018     usblib.lib : usbdbulk.obj (.text:SetDeferredOpFlag)
                  000032f2    00000002     --HOLE-- [fill = 0]
                  000032f4    00000018                : usbdhandler.obj (.text:USB0DeviceIntHandler)
                  0000330c    00000018                : usbbuffer.obj (.text:USBBufferInit)
                  00003324    00000018                : usbdenum.obj (.text:USBDSetDescriptor)
                  0000333c    00000018                : usbdenum.obj (.text:USBDSyncFrame)
                  00003354    00000018     rtsv7M4_T_le_v4SPD16_eabi.lib : args_main.obj (.text)
                  0000336c    00000018     driverlib.lib : udma.obj (.text:uDMAChannelDisable)
                  00003384    00000018                   : udma.obj (.text:uDMAChannelEnable)
                  0000339c    00000016     usblib.lib : usbbuffer.obj (.text:USBBufferDataWritten)
                  000033b2    00000016     driverlib.lib : usb.obj (.text:USBIntEnableEndpoint)
                  000033c8    00000016     usblib.lib : usbringbuf.obj (.text:USBRingBufFlush)
                  000033de    00000016                : usbringbuf.obj (.text:USBRingBufUsed)
                  000033f4    00000014                : usbbuffer.obj (.text:HandleTxComplete)
                  00003408    00000014     driverlib.lib : sysctl.obj (.text:SysCtlUSBPLLEnable)
                  0000341c    00000014     usb_dev_bulk.obj (.text:TxHandler)
                  00003430    00000014     driverlib.lib : usb.obj (.text:USBDMAChannelConfigSet)
                  00003444    00000014                   : usb.obj (.text:USBHostResume)
                  00003458    00000014                   : usb.obj (.text:_USBIndexWrite)
                  0000346c    00000014     rtsv7M4_T_le_v4SPD16_eabi.lib : _lock.obj (.text)
                  00003480    00000012     usblib.lib : usbdbulk.obj (.text:HandleResume)
                  00003492    00000012                : usbdbulk.obj (.text:HandleSuspend)
                  000034a4    00000012                : usbbuffer.obj (.text:USBBufferInfoGet)
                  000034b6    00000012     driverlib.lib : usb.obj (.text:USBDMAChannelDisable)
                  000034c8    00000012                   : usb.obj (.text:USBDMAChannelEnable)
                  000034da    00000012                   : usb.obj (.text:USBDMAChannelIntDisable)
                  000034ec    00000012                   : usb.obj (.text:USBDMAChannelIntEnable)
                  000034fe    00000012     usblib.lib : usbringbuf.obj (.text:USBRingBufFree)
                  00003510    00000010     driverlib.lib : interrupt.obj (.text:IntMasterDisable)
                  00003520    00000010                   : interrupt.obj (.text:IntMasterEnable)
                  00003530    00000010     usb_dev_bulk.obj (.text:SysTickIntHandler)
                  00003540    00000010     driverlib.lib : usb.obj (.text:USBEndpointStatus)
                  00003550    00000010     usblib.lib : usbringbuf.obj (.text:USBRingBufContigUsed)
                  00003560    00000010                : usbringbuf.obj (.text:USBRingBufWriteOne)
                  00003570    0000000e                : usbdma.obj (.text:DMAUSBIntStatusClear)
                  0000357e    0000000e     uartstdio.obj (.text:IsBufferEmpty)
                  0000358c    0000000e     usblib.lib : usbdbulk.obj (.text:USBDBulkTxPacketAvailable)
                  0000359a    0000000e     driverlib.lib : usb.obj (.text:USBDMAChannelStatus)
                  000035a8    0000000e                   : usb.obj (.text:USBDevLPMDisable)
                  000035b6    0000000e                   : usb.obj (.text:USBDevLPMEnable)
                  000035c4    0000000e                   : usb.obj (.text:USBULPIDisable)
                  000035d2    0000000e                   : usb.obj (.text:USBULPIEnable)
                  000035e0    0000000e     rtsv7M4_T_le_v4SPD16_eabi.lib : copy_decompress_none.obj (.text:decompress:none)
                  000035ee    0000000c     driverlib.lib : cpu.obj (.text:CPUcpsid)
                  000035fa    0000000c                   : cpu.obj (.text:CPUcpsie)
                  00003606    0000000c                   : usb.obj (.text:USBEndpointPacketCountSet)
                  00003612    0000000c                   : usb.obj (.text:USBLPMIntEnable)
                  0000361e    0000000c     usblib.lib : usbringbuf.obj (.text:USBRingBufInit)
                  0000362a    0000000c     rtsv7M4_T_le_v4SPD16_eabi.lib : copy_zero_init.obj (.text:decompress:ZI)
                  00003636    0000000a     driverlib.lib : usb.obj (.text:USBClockEnable)
                  00003640    0000000a                   : usb.obj (.text:USBControllerVersion)
                  0000364a    0000000a                   : usb.obj (.text:USBDMAChannelAddressSet)
                  00003654    0000000a                   : usb.obj (.text:USBDMAChannelCountSet)
                  0000365e    0000000a                   : usb.obj (.text:USBDevConnect)
                  00003668    0000000a                   : usb.obj (.text:USBDevDisconnect)
                  00003672    0000000a                   : usb.obj (.text:USBIntStatusEndpoint)
                  0000367c    00000008                   : usb.obj (.text:USBDevMode)
                  00003684    00000008                   : usb.obj (.text:USBFIFOAddrGet)
                  0000368c    00000008                   : usb.obj (.text:USBOTGMode)
                  00003694    00000008     usblib.lib : usbdma.obj (.text:iDMAUSBChannelIntDisable)
                  0000369c    00000008                : usbdma.obj (.text:iDMAUSBChannelIntEnable)
                  000036a4    00000006     driverlib.lib : gpio.obj (.text:GPIOPinWrite)
                  000036aa    00000006     startup_ccs.obj (.text:ResetISR)
                  000036b0    00000006     driverlib.lib : uart.obj (.text:UARTClockSourceSet)
                  000036b6    00000006     usblib.lib : usbbuffer.obj (.text:USBBufferFlush)
                  000036bc    00000006                : usbbuffer.obj (.text:USBBufferSpaceAvailable)
                  000036c2    00000006     driverlib.lib : usb.obj (.text:USBDMAChannelIntStatus)
                  000036c8    00000006                   : usb.obj (.text:USBDevLPMConfig)
                  000036ce    00000006                   : usb.obj (.text:USBLPMIntStatus)
                  000036d4    00000006     rtsv7M4_T_le_v4SPD16_eabi.lib : copy_decompress_rle.obj (.text:decompress:rle24)
                  000036da    00000006     usblib.lib : usbdma.obj (.text:iDMAUSBIntStatus)
                  000036e0    00000004                : usbdma.obj (.text:DMAUSBStatus)
                  000036e4    00000004     driverlib.lib : usb.obj (.text:USBDevAddrSet)
                  000036e8    00000004     rtsv7M4_T_le_v4SPD16_eabi.lib : pre_init.obj (.text)

.const     0    000036ec    00000216     
                  000036ec    00000070     driverlib.lib : interrupt.obj (.const)
                  0000375c    00000034     usblib.lib : usbdenum.obj (.const:g_psUSBDStdRequests)
                  00003790    00000030     usb_bulk_structs.obj (.const:.string:g_pui8ConfigString)
                  000037c0    00000030     usblib.lib : usbdbulk.obj (.const:g_sBulkHandlers)
                  000037f0    00000028     usb_bulk_structs.obj (.const:.string:g_pui8DataInterfaceString)
                  00003818    00000028     usb_bulk_structs.obj (.const:.string:g_pui8ProductString)
                  00003840    00000028     uartstdio.obj (.const)
                  00003868    00000024     usb_bulk_structs.obj (.const:.string:g_pui8ManufacturerString)
                  0000388c    0000001c     usblib.lib : usbdbulk.obj (.const)
                  000038a8    00000018     usb_bulk_structs.obj (.const)
                  000038c0    00000017     usblib.lib : usbdbulk.obj (.const:.string)
                  000038d7    00000016     usb_bulk_structs.obj (.const:.string)
                  000038ed    00000003     --HOLE-- [fill = 0]
                  000038f0    00000012     uartstdio.obj (.const:.string)

.cinit     0    00003908    00000078     
                  00003908    00000052     (.cinit..data.load) [load image, compression = rle]
                  0000395a    00000002     --HOLE-- [fill = 0]
                  0000395c    0000000c     (__TI_handler_table)
                  00003968    00000008     (.cinit..bss.load) [load image, compression = zero_init]
                  00003970    00000010     (__TI_cinit_table)

.init_array 
*          0    00000000    00000000     UNINITIALIZED

.bss       0    20000000    00000861     UNINITIALIZED
                  20000000    00000400     uartstdio.obj (.bss:g_pcUARTTxBuffer)
                  20000400    00000110     usblib.lib : usbdma.obj (.bss:g_psUSBDMAInst)
                  20000510    00000100     usb_bulk_structs.obj (.bss:g_pui8USBRxBuffer)
                  20000610    00000100     usb_bulk_structs.obj (.bss:g_pui8USBTxBuffer)
                  20000710    00000080     uartstdio.obj (.bss:g_pcUARTRxBuffer)
                  20000790    00000050     usblib.lib : usbdenum.obj (.bss:g_psDCDInst)
                  200007e0    00000040                : usbdenum.obj (.bss:g_pui8DataBufferIn)
                  20000820    00000018     (.common:g_pfnTickHandlers)
                  20000838    00000018     (.common:g_pvTickInstance)
                  20000850    00000004     (.common:g_pfnUSBModeCallback)
                  20000854    00000004     (.common:g_ppsDevInfo)
                  20000858    00000004     (.common:g_ui32PortNum)
                  2000085c    00000004     (.common:g_ui32ULPISupport)
                  20000860    00000001     (.common:g_bDisableEcho)

.stack     0    20000864    00000400     UNINITIALIZED
                  20000864    00000400     --HOLE--

.data      0    20000c64    00000138     UNINITIALIZED
                  20000c64    00000044     usb_bulk_structs.obj (.data:g_sBulkDevice)
                  20000ca8    00000038     usb_bulk_structs.obj (.data:g_sRxBuffer)
                  20000ce0    00000038     usb_bulk_structs.obj (.data:g_sTxBuffer)
                  20000d18    00000024     usblib.lib : usbdbulk.obj (.data)
                  20000d3c    00000015     uartstdio.obj (.data)
                  20000d51    00000003     --HOLE--
                  20000d54    00000011     usb_dev_bulk.obj (.data)
                  20000d65    00000003     --HOLE--
                  20000d68    0000000c     usblib.lib : usbtick.obj (.data)
                  20000d74    00000009                : usbmode.obj (.data)
                  20000d7d    00000003     --HOLE--
                  20000d80    00000008     rtsv7M4_T_le_v4SPD16_eabi.lib : _lock.obj (.data)
                  20000d88    00000008                                   : exit.obj (.data)
                  20000d90    00000008     usblib.lib : usbdenum.obj (.data)
                  20000d98    00000004     rtsv7M4_T_le_v4SPD16_eabi.lib : stkdepth_vars.obj (.data)

.cinit     0    00000000    00000000     UNINITIALIZED

.init_array 
*          0    00000000    00000000     UNINITIALIZED

.TI.noinit 
*          0    20000000    00000000     UNINITIALIZED

.TI.persistent 
*          0    20000c64    00000000     UNINITIALIZED


LINKER GENERATED COPY TABLES

__TI_cinit_table @ 00003970 records: 2, size/record: 8, table size: 16
	.data: load addr=00003908, load size=00000052 bytes, run addr=20000c64, run size=00000138 bytes, compression=rle
	.bss: load addr=00003968, load size=00000008 bytes, run addr=20000000, run size=00000861 bytes, compression=zero_init


LINKER GENERATED HANDLER TABLE

__TI_handler_table @ 0000395c records: 3, size/record: 4, table size: 12
	index: 0, handler: __TI_decompress_rle24
	index: 1, handler: __TI_decompress_none
	index: 2, handler: __TI_zero_init


GLOBAL SYMBOLS: SORTED ALPHABETICALLY BY Name 

address   name                            
-------   ----                            
00002949  C$$EXIT                         
000035ef  CPUcpsid                        
000035fb  CPUcpsie                        
00002041  ConfigureUART                   
000036a5  GPIOPinWrite                    
00001f71  IntDisable                      
00001fd9  IntEnable                       
000020a5  IntIsEnabled                    
00003511  IntMasterDisable                
00003521  IntMasterEnable                 
00002ac1  InternalUSBRegisterTickHandler  
00002af9  InternalUSBStartOfFrameTick     
00002dd9  InternalUSBTickInit             
000036ab  ResetISR                        
0000198d  RxHandler                       
UNDEFED   SHT$$INIT_ARRAY$$Base           
UNDEFED   SHT$$INIT_ARRAY$$Limit          
00002c45  SysCtlPeripheralEnable          
0000244d  SysCtlPeripheralReset           
00003409  SysCtlUSBPLLEnable              
00003531  SysTickIntHandler               
0000341d  TxHandler                       
000036b1  UARTClockSourceSet              
00002e69  UARTFlushRx                     
00002a0d  UARTFlushTx                     
0000132d  UARTStdioConfig                 
0000064d  UARTStdioIntHandler             
00003275  UARTprintf                      
00000461  UARTvprintf                     
000013dd  UARTwrite                       
000023f9  ULPIConfigSet                   
000032f5  USB0DeviceIntHandler            
0000339d  USBBufferDataWritten            
00002109  USBBufferEventCallback          
000036b7  USBBufferFlush                  
000034a5  USBBufferInfoGet                
0000330d  USBBufferInit                   
000036bd  USBBufferSpaceAvailable         
00003637  USBClockEnable                  
00003641  USBControllerVersion            
00001c6d  USBDBulkCompositeInit           
0000298d  USBDBulkInit                    
00001bf9  USBDBulkPacketRead              
000023a5  USBDBulkPacketWrite             
00003107  USBDBulkRxPacketAvailable       
0000358d  USBDBulkTxPacketAvailable       
0000249d  USBDCDConfigDescGet             
00002f17  USBDCDConfigDescGetNum          
0000328f  USBDCDConfigDescGetSize         
00003205  USBDCDConfigGetInterface        
00002b31  USBDCDConfigGetInterfaceEndpoint
000028c1  USBDCDDeviceInfoInit            
00000bad  USBDCDInit                      
00003221  USBDCDStallEP0                  
0000364b  USBDMAChannelAddressSet         
00003431  USBDMAChannelConfigSet          
00003655  USBDMAChannelCountSet           
000034b7  USBDMAChannelDisable            
000034c9  USBDMAChannelEnable             
000034db  USBDMAChannelIntDisable         
000034ed  USBDMAChannelIntEnable          
000036c3  USBDMAChannelIntStatus          
0000359b  USBDMAChannelStatus             
00002e95  USBDescGet                      
00002f41  USBDescGetNum                   
000036e5  USBDevAddrSet                   
0000365f  USBDevConnect                   
00003669  USBDevDisconnect                
00001a8d  USBDevEndpointConfigSet         
00002f6b  USBDevEndpointDataAck           
00002d45  USBDevEndpointStall             
00002753  USBDevEndpointStallClear        
000022f1  USBDevEndpointStatusClear       
000036c9  USBDevLPMConfig                 
000035a9  USBDevLPMDisable                
000035b7  USBDevLPMEnable                 
0000367d  USBDevMode                      
00000cf5  USBDeviceConfig                 
000017f9  USBDeviceConfigAlternate        
00001015  USBDeviceEnumHandler            
000027e9  USBDeviceEnumResetHandler       
00000a5d  USBDeviceIntHandlerInternal     
000024ed  USBDeviceResumeTickHandler      
000032a9  USBEndpointDMAChannel           
00002625  USBEndpointDMAConfigSet         
00003055  USBEndpointDMADisable           
00003079  USBEndpointDMAEnable            
0000323d  USBEndpointDataAvail            
00002879  USBEndpointDataGet              
00002bd9  USBEndpointDataPut              
00002c79  USBEndpointDataSend             
00003607  USBEndpointPacketCountSet       
00003541  USBEndpointStatus               
00003685  USBFIFOAddrGet                  
00002a85  USBFIFOConfigSet                
00003445  USBHostResume                   
00002fbd  USBIntEnableControl             
000033b3  USBIntEnableEndpoint            
00002b69  USBIntStatusControl             
00003673  USBIntStatusEndpoint            
00003613  USBLPMIntEnable                 
000036cf  USBLPMIntStatus                 
000007ad  USBLibDMAInit                   
0000368d  USBOTGMode                      
0000318b  USBRingBufAdvanceRead           
00002ba1  USBRingBufAdvanceWrite          
000031ab  USBRingBufContigFree            
00003551  USBRingBufContigUsed            
000033c9  USBRingBufFlush                 
000034ff  USBRingBufFree                  
0000361f  USBRingBufInit                  
000033df  USBRingBufUsed                  
00003259  USBRingBufWrite                 
00003561  USBRingBufWriteOne              
0000309d  USBStackModeSet                 
000035c5  USBULPIDisable                  
000035d3  USBULPIEnable                   
000031c9  USBULPIRegRead                  
000031e7  USBULPIRegWrite                 
20000c64  __STACK_END                     
00000400  __STACK_SIZE                    
20000c64  __STACK_TOP                     
00003970  __TI_CINIT_Base                 
00003980  __TI_CINIT_Limit                
0000395c  __TI_Handler_Table_Base         
00003968  __TI_Handler_Table_Limit        
00001e99  __TI_auto_init                  
20000d88  __TI_cleanup_ptr                
000035e1  __TI_decompress_none            
000036d5  __TI_decompress_rle24           
20000d8c  __TI_dtors_ptr                  
00000000  __TI_static_base__              
0000362b  __TI_zero_init                  
0000244b  __aeabi_idiv0                   
00001b07  __aeabi_memclr                  
00001b07  __aeabi_memclr4                 
00001b07  __aeabi_memclr8                 
00001485  __aeabi_memcpy                  
00001485  __aeabi_memcpy4                 
00001485  __aeabi_memcpy8                 
00001b09  __aeabi_memset                  
00001b09  __aeabi_memset4                 
00001b09  __aeabi_memset8                 
000029cd  __aeabi_uidiv                   
000029cd  __aeabi_uidivmod                
ffffffff  __binit__                       
ffffffff  __c_args__                      
20000864  __stack                         
00003355  _args_main                      
0000253d  _c_int00                        
20000d80  _lock                           
0000347b  _nop                            
00003473  _register_lock                  
0000346d  _register_unlock                
000036e9  _system_pre_init                
20000d84  _unlock                         
0000294d  abort                           
ffffffff  binit                           
000026bd  copy_in                         
00002955  exit                            
20000d68  g_bUSBTimerInitialized          
20000d74  g_iUSBMode                      
20000820  g_pfnTickHandlers               
00000000  g_pfnVectors                    
000038a4  g_ppBulkConfigDescriptors       
20000854  g_ppsDevInfo                    
000038a8  g_ppui8StringDescriptors        
20000d34  g_psBulkSections                
20000790  g_psDCDInst                     
20000d2a  g_pui8BulkDescriptor            
20000d18  g_pui8BulkDeviceDescriptor      
000038c0  g_pui8BulkInterface             
00003790  g_pui8ConfigString              
000037f0  g_pui8DataInterfaceString       
000038d7  g_pui8LangDescriptor            
00003868  g_pui8ManufacturerString        
00003818  g_pui8ProductString             
000038db  g_pui8SerialNumberString        
20000510  g_pui8USBRxBuffer               
20000610  g_pui8USBTxBuffer               
20000838  g_pvTickInstance                
0000389c  g_sBulkConfigHeader             
0000388c  g_sBulkConfigSection            
20000c64  g_sBulkDevice                   
000037c0  g_sBulkHandlers                 
00003894  g_sBulkInterfaceSection         
20000ca8  g_sRxBuffer                     
20000ce0  g_sTxBuffer                     
20000d6c  g_ui32CurrentUSBTick            
20000d60  g_ui32Flags                     
20000d5c  g_ui32RxCount                   
20000d54  g_ui32SysTickCount              
20000d58  g_ui32TxCount                   
20000d70  g_ui32USBSOFCount               
20000d78  g_ui32WaitTicks                 
0000026d  main                            
20000d98  main_func_sp                    
00001485  memcpy                          
00001b0f  memset                          
00002831  uDMAChannelAttributeDisable     
000030c1  uDMAChannelControlSet           
0000336d  uDMAChannelDisable              
00003385  uDMAChannelEnable               
00002fe5  uDMAChannelModeGet              
00001909  uDMAChannelTransferSet          


GLOBAL SYMBOLS: SORTED BY Symbol Address 

address   name                            
-------   ----                            
00000000  __TI_static_base__              
00000000  g_pfnVectors                    
0000026d  main                            
00000400  __STACK_SIZE                    
00000461  UARTvprintf                     
0000064d  UARTStdioIntHandler             
000007ad  USBLibDMAInit                   
00000a5d  USBDeviceIntHandlerInternal     
00000bad  USBDCDInit                      
00000cf5  USBDeviceConfig                 
00001015  USBDeviceEnumHandler            
0000132d  UARTStdioConfig                 
000013dd  UARTwrite                       
00001485  __aeabi_memcpy                  
00001485  __aeabi_memcpy4                 
00001485  __aeabi_memcpy8                 
00001485  memcpy                          
000017f9  USBDeviceConfigAlternate        
00001909  uDMAChannelTransferSet          
0000198d  RxHandler                       
00001a8d  USBDevEndpointConfigSet         
00001b07  __aeabi_memclr                  
00001b07  __aeabi_memclr4                 
00001b07  __aeabi_memclr8                 
00001b09  __aeabi_memset                  
00001b09  __aeabi_memset4                 
00001b09  __aeabi_memset8                 
00001b0f  memset                          
00001bf9  USBDBulkPacketRead              
00001c6d  USBDBulkCompositeInit           
00001e99  __TI_auto_init                  
00001f71  IntDisable                      
00001fd9  IntEnable                       
00002041  ConfigureUART                   
000020a5  IntIsEnabled                    
00002109  USBBufferEventCallback          
000022f1  USBDevEndpointStatusClear       
000023a5  USBDBulkPacketWrite             
000023f9  ULPIConfigSet                   
0000244b  __aeabi_idiv0                   
0000244d  SysCtlPeripheralReset           
0000249d  USBDCDConfigDescGet             
000024ed  USBDeviceResumeTickHandler      
0000253d  _c_int00                        
00002625  USBEndpointDMAConfigSet         
000026bd  copy_in                         
00002753  USBDevEndpointStallClear        
000027e9  USBDeviceEnumResetHandler       
00002831  uDMAChannelAttributeDisable     
00002879  USBEndpointDataGet              
000028c1  USBDCDDeviceInfoInit            
00002949  C$$EXIT                         
0000294d  abort                           
00002955  exit                            
0000298d  USBDBulkInit                    
000029cd  __aeabi_uidiv                   
000029cd  __aeabi_uidivmod                
00002a0d  UARTFlushTx                     
00002a85  USBFIFOConfigSet                
00002ac1  InternalUSBRegisterTickHandler  
00002af9  InternalUSBStartOfFrameTick     
00002b31  USBDCDConfigGetInterfaceEndpoint
00002b69  USBIntStatusControl             
00002ba1  USBRingBufAdvanceWrite          
00002bd9  USBEndpointDataPut              
00002c45  SysCtlPeripheralEnable          
00002c79  USBEndpointDataSend             
00002d45  USBDevEndpointStall             
00002dd9  InternalUSBTickInit             
00002e69  UARTFlushRx                     
00002e95  USBDescGet                      
00002f17  USBDCDConfigDescGetNum          
00002f41  USBDescGetNum                   
00002f6b  USBDevEndpointDataAck           
00002fbd  USBIntEnableControl             
00002fe5  uDMAChannelModeGet              
00003055  USBEndpointDMADisable           
00003079  USBEndpointDMAEnable            
0000309d  USBStackModeSet                 
000030c1  uDMAChannelControlSet           
00003107  USBDBulkRxPacketAvailable       
0000318b  USBRingBufAdvanceRead           
000031ab  USBRingBufContigFree            
000031c9  USBULPIRegRead                  
000031e7  USBULPIRegWrite                 
00003205  USBDCDConfigGetInterface        
00003221  USBDCDStallEP0                  
0000323d  USBEndpointDataAvail            
00003259  USBRingBufWrite                 
00003275  UARTprintf                      
0000328f  USBDCDConfigDescGetSize         
000032a9  USBEndpointDMAChannel           
000032f5  USB0DeviceIntHandler            
0000330d  USBBufferInit                   
00003355  _args_main                      
0000336d  uDMAChannelDisable              
00003385  uDMAChannelEnable               
0000339d  USBBufferDataWritten            
000033b3  USBIntEnableEndpoint            
000033c9  USBRingBufFlush                 
000033df  USBRingBufUsed                  
00003409  SysCtlUSBPLLEnable              
0000341d  TxHandler                       
00003431  USBDMAChannelConfigSet          
00003445  USBHostResume                   
0000346d  _register_unlock                
00003473  _register_lock                  
0000347b  _nop                            
000034a5  USBBufferInfoGet                
000034b7  USBDMAChannelDisable            
000034c9  USBDMAChannelEnable             
000034db  USBDMAChannelIntDisable         
000034ed  USBDMAChannelIntEnable          
000034ff  USBRingBufFree                  
00003511  IntMasterDisable                
00003521  IntMasterEnable                 
00003531  SysTickIntHandler               
00003541  USBEndpointStatus               
00003551  USBRingBufContigUsed            
00003561  USBRingBufWriteOne              
0000358d  USBDBulkTxPacketAvailable       
0000359b  USBDMAChannelStatus             
000035a9  USBDevLPMDisable                
000035b7  USBDevLPMEnable                 
000035c5  USBULPIDisable                  
000035d3  USBULPIEnable                   
000035e1  __TI_decompress_none            
000035ef  CPUcpsid                        
000035fb  CPUcpsie                        
00003607  USBEndpointPacketCountSet       
00003613  USBLPMIntEnable                 
0000361f  USBRingBufInit                  
0000362b  __TI_zero_init                  
00003637  USBClockEnable                  
00003641  USBControllerVersion            
0000364b  USBDMAChannelAddressSet         
00003655  USBDMAChannelCountSet           
0000365f  USBDevConnect                   
00003669  USBDevDisconnect                
00003673  USBIntStatusEndpoint            
0000367d  USBDevMode                      
00003685  USBFIFOAddrGet                  
0000368d  USBOTGMode                      
000036a5  GPIOPinWrite                    
000036ab  ResetISR                        
000036b1  UARTClockSourceSet              
000036b7  USBBufferFlush                  
000036bd  USBBufferSpaceAvailable         
000036c3  USBDMAChannelIntStatus          
000036c9  USBDevLPMConfig                 
000036cf  USBLPMIntStatus                 
000036d5  __TI_decompress_rle24           
000036e5  USBDevAddrSet                   
000036e9  _system_pre_init                
00003790  g_pui8ConfigString              
000037c0  g_sBulkHandlers                 
000037f0  g_pui8DataInterfaceString       
00003818  g_pui8ProductString             
00003868  g_pui8ManufacturerString        
0000388c  g_sBulkConfigSection            
00003894  g_sBulkInterfaceSection         
0000389c  g_sBulkConfigHeader             
000038a4  g_ppBulkConfigDescriptors       
000038a8  g_ppui8StringDescriptors        
000038c0  g_pui8BulkInterface             
000038d7  g_pui8LangDescriptor            
000038db  g_pui8SerialNumberString        
0000395c  __TI_Handler_Table_Base         
00003968  __TI_Handler_Table_Limit        
00003970  __TI_CINIT_Base                 
00003980  __TI_CINIT_Limit                
20000510  g_pui8USBRxBuffer               
20000610  g_pui8USBTxBuffer               
20000790  g_psDCDInst                     
20000820  g_pfnTickHandlers               
20000838  g_pvTickInstance                
20000854  g_ppsDevInfo                    
20000864  __stack                         
20000c64  __STACK_END                     
20000c64  __STACK_TOP                     
20000c64  g_sBulkDevice                   
20000ca8  g_sRxBuffer                     
20000ce0  g_sTxBuffer                     
20000d18  g_pui8BulkDeviceDescriptor      
20000d2a  g_pui8BulkDescriptor            
20000d34  g_psBulkSections                
20000d54  g_ui32SysTickCount              
20000d58  g_ui32TxCount                   
20000d5c  g_ui32RxCount                   
20000d60  g_ui32Flags                     
20000d68  g_bUSBTimerInitialized          
20000d6c  g_ui32CurrentUSBTick            
20000d70  g_ui32USBSOFCount               
20000d74  g_iUSBMode                      
20000d78  g_ui32WaitTicks                 
20000d80  _lock                           
20000d84  _unlock                         
20000d88  __TI_cleanup_ptr                
20000d8c  __TI_dtors_ptr                  
20000d98  main_func_sp                    
ffffffff  __binit__                       
ffffffff  __c_args__                      
ffffffff  binit                           
UNDEFED   SHT$$INIT_ARRAY$$Base           
UNDEFED   SHT$$INIT_ARRAY$$Limit          

[205 symbols]
