<?xml version="1.0"?>
<link_info>
   <banner>TI ARM Linker PC v5.2.5</banner>
   <copyright>Copyright (c) 1996-2015 Texas Instruments Incorporated</copyright>
   <link_time>0x566da406</link_time>
   <link_errors>0x4</link_errors>
   <output_file>usb_dev_bulk.out</output_file>
   <entry_point>
      <name>_c_int00</name>
      <address>0x253d</address>
   </entry_point>
   <input_file_list>
      <input_file id="fl-2">
         <path>.\</path>
         <kind>object</kind>
         <file>startup_ccs.obj</file>
         <name>startup_ccs.obj</name>
      </input_file>
      <input_file id="fl-3">
         <path>.\</path>
         <kind>object</kind>
         <file>usb_bulk_structs.obj</file>
         <name>usb_bulk_structs.obj</name>
      </input_file>
      <input_file id="fl-4">
         <path>.\</path>
         <kind>object</kind>
         <file>usb_dev_bulk.obj</file>
         <name>usb_dev_bulk.obj</name>
      </input_file>
      <input_file id="fl-5">
         <path>.\utils\</path>
         <kind>object</kind>
         <file>uartstdio.obj</file>
         <name>uartstdio.obj</name>
      </input_file>
      <input_file id="fl-6">
         <path>.\utils\</path>
         <kind>object</kind>
         <file>ustdlib.obj</file>
         <name>ustdlib.obj</name>
      </input_file>
      <input_file id="fl-12f">
         <path>C:\ti\ccsv6\tools\compiler\ti-cgt-arm_5.2.5\lib\</path>
         <kind>archive</kind>
         <file>rtsv7M4_T_le_v4SPD16_eabi.lib</file>
         <name>boot.obj</name>
      </input_file>
      <input_file id="fl-130">
         <path>C:\ti\ccsv6\tools\compiler\ti-cgt-arm_5.2.5\lib\</path>
         <kind>archive</kind>
         <file>rtsv7M4_T_le_v4SPD16_eabi.lib</file>
         <name>copy_decompress_none.obj</name>
      </input_file>
      <input_file id="fl-131">
         <path>C:\ti\ccsv6\tools\compiler\ti-cgt-arm_5.2.5\lib\</path>
         <kind>archive</kind>
         <file>rtsv7M4_T_le_v4SPD16_eabi.lib</file>
         <name>copy_decompress_rle.obj</name>
      </input_file>
      <input_file id="fl-132">
         <path>C:\ti\ccsv6\tools\compiler\ti-cgt-arm_5.2.5\lib\</path>
         <kind>archive</kind>
         <file>rtsv7M4_T_le_v4SPD16_eabi.lib</file>
         <name>copy_zero_init.obj</name>
      </input_file>
      <input_file id="fl-133">
         <path>C:\ti\ccsv6\tools\compiler\ti-cgt-arm_5.2.5\lib\</path>
         <kind>archive</kind>
         <file>rtsv7M4_T_le_v4SPD16_eabi.lib</file>
         <name>exit.obj</name>
      </input_file>
      <input_file id="fl-134">
         <path>C:\ti\ccsv6\tools\compiler\ti-cgt-arm_5.2.5\lib\</path>
         <kind>archive</kind>
         <file>rtsv7M4_T_le_v4SPD16_eabi.lib</file>
         <name>memcpy_t2.obj</name>
      </input_file>
      <input_file id="fl-135">
         <path>C:\ti\ccsv6\tools\compiler\ti-cgt-arm_5.2.5\lib\</path>
         <kind>archive</kind>
         <file>rtsv7M4_T_le_v4SPD16_eabi.lib</file>
         <name>memset_t2.obj</name>
      </input_file>
      <input_file id="fl-136">
         <path>C:\ti\ccsv6\tools\compiler\ti-cgt-arm_5.2.5\lib\</path>
         <kind>archive</kind>
         <file>rtsv7M4_T_le_v4SPD16_eabi.lib</file>
         <name>pre_init.obj</name>
      </input_file>
      <input_file id="fl-137">
         <path>C:\ti\ccsv6\tools\compiler\ti-cgt-arm_5.2.5\lib\</path>
         <kind>archive</kind>
         <file>rtsv7M4_T_le_v4SPD16_eabi.lib</file>
         <name>stkdepth_vars.obj</name>
      </input_file>
      <input_file id="fl-138">
         <path>C:\ti\ccsv6\tools\compiler\ti-cgt-arm_5.2.5\lib\</path>
         <kind>archive</kind>
         <file>rtsv7M4_T_le_v4SPD16_eabi.lib</file>
         <name>u_divt2.obj</name>
      </input_file>
      <input_file id="fl-139">
         <path>C:\ti\ccsv6\tools\compiler\ti-cgt-arm_5.2.5\lib\</path>
         <kind>archive</kind>
         <file>rtsv7M4_T_le_v4SPD16_eabi.lib</file>
         <name>_lock.obj</name>
      </input_file>
      <input_file id="fl-13a">
         <path>C:\ti\ccsv6\tools\compiler\ti-cgt-arm_5.2.5\lib\</path>
         <kind>archive</kind>
         <file>rtsv7M4_T_le_v4SPD16_eabi.lib</file>
         <name>args_main.obj</name>
      </input_file>
      <input_file id="fl-13b">
         <path>C:\ti\ccsv6\tools\compiler\ti-cgt-arm_5.2.5\lib\</path>
         <kind>archive</kind>
         <file>rtsv7M4_T_le_v4SPD16_eabi.lib</file>
         <name>autoinit.obj</name>
      </input_file>
      <input_file id="fl-13c">
         <path>C:\ti\ccsv6\tools\compiler\ti-cgt-arm_5.2.5\lib\</path>
         <kind>archive</kind>
         <file>rtsv7M4_T_le_v4SPD16_eabi.lib</file>
         <name>cpy_tbl.obj</name>
      </input_file>
      <input_file id="fl-13d">
         <path>C:\ti\ccsv6\tools\compiler\ti-cgt-arm_5.2.5\lib\</path>
         <kind>archive</kind>
         <file>rtsv7M4_T_le_v4SPD16_eabi.lib</file>
         <name>i_div0.obj</name>
      </input_file>
      <input_file id="fl-13e">
         <path>C:\ti\TivaWare_C_Series-2.1.1.71\examples\boards\ek-tm4c123gxl\usb_dev_bulk\ccs\..\..\..\..\..\driverlib\ccs\Debug\</path>
         <kind>archive</kind>
         <file>driverlib.lib</file>
         <name>gpio.obj</name>
      </input_file>
      <input_file id="fl-13f">
         <path>C:\ti\TivaWare_C_Series-2.1.1.71\examples\boards\ek-tm4c123gxl\usb_dev_bulk\ccs\..\..\..\..\..\driverlib\ccs\Debug\</path>
         <kind>archive</kind>
         <file>driverlib.lib</file>
         <name>interrupt.obj</name>
      </input_file>
      <input_file id="fl-140">
         <path>C:\ti\TivaWare_C_Series-2.1.1.71\examples\boards\ek-tm4c123gxl\usb_dev_bulk\ccs\..\..\..\..\..\driverlib\ccs\Debug\</path>
         <kind>archive</kind>
         <file>driverlib.lib</file>
         <name>uart.obj</name>
      </input_file>
      <input_file id="fl-141">
         <path>C:\ti\TivaWare_C_Series-2.1.1.71\examples\boards\ek-tm4c123gxl\usb_dev_bulk\ccs\..\..\..\..\..\driverlib\ccs\Debug\</path>
         <kind>archive</kind>
         <file>driverlib.lib</file>
         <name>cpu.obj</name>
      </input_file>
      <input_file id="fl-142">
         <path>C:\ti\TivaWare_C_Series-2.1.1.71\examples\boards\ek-tm4c123gxl\usb_dev_bulk\ccs\..\..\..\..\..\usblib\ccs\Debug\</path>
         <kind>archive</kind>
         <file>usblib.lib</file>
         <name>usbbuffer.obj</name>
      </input_file>
      <input_file id="fl-143">
         <path>C:\ti\TivaWare_C_Series-2.1.1.71\examples\boards\ek-tm4c123gxl\usb_dev_bulk\ccs\..\..\..\..\..\usblib\ccs\Debug\</path>
         <kind>archive</kind>
         <file>usblib.lib</file>
         <name>usbmode.obj</name>
      </input_file>
      <input_file id="fl-144">
         <path>C:\ti\TivaWare_C_Series-2.1.1.71\examples\boards\ek-tm4c123gxl\usb_dev_bulk\ccs\..\..\..\..\..\usblib\ccs\Debug\</path>
         <kind>archive</kind>
         <file>usblib.lib</file>
         <name>usbringbuf.obj</name>
      </input_file>
      <input_file id="fl-145">
         <path>C:\ti\TivaWare_C_Series-2.1.1.71\examples\boards\ek-tm4c123gxl\usb_dev_bulk\ccs\..\..\..\..\..\usblib\ccs\Debug\</path>
         <kind>archive</kind>
         <file>usblib.lib</file>
         <name>usbtick.obj</name>
      </input_file>
      <input_file id="fl-146">
         <path>C:\ti\TivaWare_C_Series-2.1.1.71\examples\boards\ek-tm4c123gxl\usb_dev_bulk\ccs\..\..\..\..\..\usblib\ccs\Debug\</path>
         <kind>archive</kind>
         <file>usblib.lib</file>
         <name>usbhostenum.obj</name>
      </input_file>
      <input_file id="fl-147">
         <path>C:\ti\TivaWare_C_Series-2.1.1.71\examples\boards\ek-tm4c123gxl\usb_dev_bulk\ccs\..\..\..\..\..\usblib\ccs\Debug\</path>
         <kind>archive</kind>
         <file>usblib.lib</file>
         <name>usbdbulk.obj</name>
      </input_file>
      <input_file id="fl-148">
         <path>C:\ti\TivaWare_C_Series-2.1.1.71\examples\boards\ek-tm4c123gxl\usb_dev_bulk\ccs\..\..\..\..\..\usblib\ccs\Debug\</path>
         <kind>archive</kind>
         <file>usblib.lib</file>
         <name>usbdenum.obj</name>
      </input_file>
      <input_file id="fl-149">
         <path>C:\ti\TivaWare_C_Series-2.1.1.71\examples\boards\ek-tm4c123gxl\usb_dev_bulk\ccs\..\..\..\..\..\usblib\ccs\Debug\</path>
         <kind>archive</kind>
         <file>usblib.lib</file>
         <name>usbdhandler.obj</name>
      </input_file>
      <input_file id="fl-14a">
         <path>C:\ti\TivaWare_C_Series-2.1.1.71\examples\boards\ek-tm4c123gxl\usb_dev_bulk\ccs\..\..\..\..\..\usblib\ccs\Debug\</path>
         <kind>archive</kind>
         <file>usblib.lib</file>
         <name>usbdesc.obj</name>
      </input_file>
      <input_file id="fl-14b">
         <path>C:\ti\TivaWare_C_Series-2.1.1.71\examples\boards\ek-tm4c123gxl\usb_dev_bulk\ccs\..\..\..\..\..\usblib\ccs\Debug\</path>
         <kind>archive</kind>
         <file>usblib.lib</file>
         <name>usbdma.obj</name>
      </input_file>
      <input_file id="fl-14c">
         <path>C:\ti\TivaWare_C_Series-2.1.1.71\examples\boards\ek-tm4c123gxl\usb_dev_bulk\ccs\..\..\..\..\..\usblib\ccs\Debug\</path>
         <kind>archive</kind>
         <file>usblib.lib</file>
         <name>usbulpi.obj</name>
      </input_file>
      <input_file id="fl-14d">
         <path>C:\ti\TivaWare_C_Series-2.1.1.71\examples\boards\ek-tm4c123gxl\usb_dev_bulk\ccs\..\..\..\..\..\usblib\ccs\Debug\</path>
         <kind>archive</kind>
         <file>usblib.lib</file>
         <name>usbhhub.obj</name>
      </input_file>
      <input_file id="fl-14e">
         <path>C:\ti\TivaWare_C_Series-2.1.1.71\examples\boards\ek-tm4c123gxl\usb_dev_bulk\ccs\..\..\..\..\..\usblib\ccs\Debug\</path>
         <kind>archive</kind>
         <file>usblib.lib</file>
         <name>usbdcdesc.obj</name>
      </input_file>
      <input_file id="fl-14f">
         <path>C:\ti\TivaWare_C_Series-2.1.1.71\examples\boards\ek-tm4c123gxl\usb_dev_bulk\ccs\..\..\..\..\..\usblib\ccs\Debug\</path>
         <kind>archive</kind>
         <file>usblib.lib</file>
         <name>usbdconfig.obj</name>
      </input_file>
      <input_file id="fl-150">
         <path>C:\ti\TivaWare_C_Series-2.1.1.71\examples\boards\ek-tm4c123gxl\usb_dev_bulk\ccs\..\..\..\..\..\driverlib\ccs\Debug\</path>
         <kind>archive</kind>
         <file>driverlib.lib</file>
         <name>sysctl.obj</name>
      </input_file>
      <input_file id="fl-151">
         <path>C:\ti\TivaWare_C_Series-2.1.1.71\examples\boards\ek-tm4c123gxl\usb_dev_bulk\ccs\..\..\..\..\..\driverlib\ccs\Debug\</path>
         <kind>archive</kind>
         <file>driverlib.lib</file>
         <name>udma.obj</name>
      </input_file>
      <input_file id="fl-152">
         <path>C:\ti\TivaWare_C_Series-2.1.1.71\examples\boards\ek-tm4c123gxl\usb_dev_bulk\ccs\..\..\..\..\..\driverlib\ccs\Debug\</path>
         <kind>archive</kind>
         <file>driverlib.lib</file>
         <name>usb.obj</name>
      </input_file>
   </input_file_list>
   <object_component_list>
      <object_component id="oc-1b">
         <name>.intvecs</name>
         <load_address>0x0</load_address>
         <run_address>0x0</run_address>
         <size>0x26c</size>
         <input_file_ref idref="fl-2"/>
      </object_component>
      <object_component id="oc-108">
         <name>.text:main</name>
         <load_address>0x26c</load_address>
         <run_address>0x26c</run_address>
         <size>0x1f4</size>
         <input_file_ref idref="fl-4"/>
      </object_component>
      <object_component id="oc-23f">
         <name>.text:UARTvprintf</name>
         <load_address>0x460</load_address>
         <run_address>0x460</run_address>
         <size>0x1ea</size>
         <input_file_ref idref="fl-5"/>
      </object_component>
      <object_component id="oc-42">
         <name>.text:FaultISR</name>
         <load_address>0x64a</load_address>
         <run_address>0x64a</run_address>
         <size>0x2</size>
         <input_file_ref idref="fl-2"/>
      </object_component>
      <object_component id="oc-54">
         <name>.text:UARTStdioIntHandler</name>
         <load_address>0x64c</load_address>
         <run_address>0x64c</run_address>
         <size>0x160</size>
         <input_file_ref idref="fl-5"/>
      </object_component>
      <object_component id="oc-36b">
         <name>.text:USBLibDMAInit</name>
         <load_address>0x7ac</load_address>
         <run_address>0x7ac</run_address>
         <size>0x160</size>
         <input_file_ref idref="fl-14b"/>
      </object_component>
      <object_component id="oc-20b">
         <name>.text:USBDEP0StateTxConfig</name>
         <load_address>0x90c</load_address>
         <run_address>0x90c</run_address>
         <size>0x150</size>
         <input_file_ref idref="fl-148"/>
      </object_component>
      <object_component id="oc-de">
         <name>.text:USBDeviceIntHandlerInternal</name>
         <load_address>0xa5c</load_address>
         <run_address>0xa5c</run_address>
         <size>0x150</size>
         <input_file_ref idref="fl-148"/>
      </object_component>
      <object_component id="oc-260">
         <name>.text:USBDCDInit</name>
         <load_address>0xbac</load_address>
         <run_address>0xbac</run_address>
         <size>0x148</size>
         <input_file_ref idref="fl-148"/>
      </object_component>
      <object_component id="oc-59c">
         <name>.text:USBDeviceConfig</name>
         <load_address>0xcf4</load_address>
         <run_address>0xcf4</run_address>
         <size>0x148</size>
         <input_file_ref idref="fl-14f"/>
      </object_component>
      <object_component id="oc-50c">
         <name>.text:iDMAUSBTransfer</name>
         <load_address>0xe3c</load_address>
         <run_address>0xe3c</run_address>
         <size>0xf4</size>
         <input_file_ref idref="fl-14b"/>
      </object_component>
      <object_component id="oc-400">
         <name>.text:USBDGetDescriptor</name>
         <load_address>0xf30</load_address>
         <run_address>0xf30</run_address>
         <size>0xe4</size>
         <input_file_ref idref="fl-148"/>
      </object_component>
      <object_component id="oc-155">
         <name>.text:USBDeviceEnumHandler</name>
         <load_address>0x1014</load_address>
         <run_address>0x1014</run_address>
         <size>0xd8</size>
         <input_file_ref idref="fl-148"/>
      </object_component>
      <object_component id="oc-49a">
         <name>.text:uDMAUSBChannelAllocate</name>
         <load_address>0x10ec</load_address>
         <run_address>0x10ec</run_address>
         <size>0xc4</size>
         <input_file_ref idref="fl-14b"/>
      </object_component>
      <object_component id="oc-3c5">
         <name>.text:HandleRxAvailable</name>
         <load_address>0x11b0</load_address>
         <run_address>0x11b0</run_address>
         <size>0xbe</size>
         <input_file_ref idref="fl-142"/>
      </object_component>
      <object_component id="oc-4dc">
         <name>.text:uDMAUSBTransfer</name>
         <load_address>0x126e</load_address>
         <run_address>0x126e</run_address>
         <size>0xbc</size>
         <input_file_ref idref="fl-14b"/>
      </object_component>
      <object_component id="oc-48">
         <name>.text:IntDefaultHandler</name>
         <load_address>0x132a</load_address>
         <run_address>0x132a</run_address>
         <size>0x2</size>
         <input_file_ref idref="fl-2"/>
      </object_component>
      <object_component id="oc-238">
         <name>.text:UARTStdioConfig</name>
         <load_address>0x132c</load_address>
         <run_address>0x132c</run_address>
         <size>0xb0</size>
         <input_file_ref idref="fl-5"/>
      </object_component>
      <object_component id="oc-b8">
         <name>.text:UARTwrite</name>
         <load_address>0x13dc</load_address>
         <run_address>0x13dc</run_address>
         <size>0xa8</size>
         <input_file_ref idref="fl-5"/>
      </object_component>
      <object_component id="oc-63">
         <name>.text</name>
         <load_address>0x1484</load_address>
         <run_address>0x1484</run_address>
         <size>0x9c</size>
         <input_file_ref idref="fl-134"/>
      </object_component>
      <object_component id="oc-41e">
         <name>.text:USBDSetInterface</name>
         <load_address>0x1520</load_address>
         <run_address>0x1520</run_address>
         <size>0x98</size>
         <input_file_ref idref="fl-148"/>
      </object_component>
      <object_component id="oc-55d">
         <name>.text:ScheduleNextTransmission</name>
         <load_address>0x15b8</load_address>
         <run_address>0x15b8</run_address>
         <size>0x92</size>
         <input_file_ref idref="fl-142"/>
      </object_component>
      <object_component id="oc-3c">
         <name>.text:NmiSR</name>
         <load_address>0x164a</load_address>
         <run_address>0x164a</run_address>
         <size>0x2</size>
         <input_file_ref idref="fl-2"/>
      </object_component>
      <object_component id="oc-396">
         <name>.text:EchoNewDataToHost</name>
         <load_address>0x164c</load_address>
         <run_address>0x164c</run_address>
         <size>0x90</size>
         <input_file_ref idref="fl-4"/>
      </object_component>
      <object_component id="oc-412">
         <name>.text:USBDSetConfiguration</name>
         <load_address>0x16dc</load_address>
         <run_address>0x16dc</run_address>
         <size>0x90</size>
         <input_file_ref idref="fl-148"/>
      </object_component>
      <object_component id="oc-ac">
         <name>.text:UARTPrimeTransmit</name>
         <load_address>0x176c</load_address>
         <run_address>0x176c</run_address>
         <size>0x8c</size>
         <input_file_ref idref="fl-5"/>
      </object_component>
      <object_component id="oc-5b0">
         <name>.text:USBDeviceConfigAlternate</name>
         <load_address>0x17f8</load_address>
         <run_address>0x17f8</run_address>
         <size>0x8c</size>
         <input_file_ref idref="fl-14f"/>
      </object_component>
      <object_component id="oc-4ee">
         <name>.text:iDMAUSBChannelAllocate</name>
         <load_address>0x1884</load_address>
         <run_address>0x1884</run_address>
         <size>0x84</size>
         <input_file_ref idref="fl-14b"/>
      </object_component>
      <object_component id="oc-62b">
         <name>.text:uDMAChannelTransferSet</name>
         <load_address>0x1908</load_address>
         <run_address>0x1908</run_address>
         <size>0x84</size>
         <input_file_ref idref="fl-151"/>
      </object_component>
      <object_component id="oc-284">
         <name>.text:RxHandler</name>
         <load_address>0x198c</load_address>
         <run_address>0x198c</run_address>
         <size>0x80</size>
         <input_file_ref idref="fl-4"/>
      </object_component>
      <object_component id="oc-3ee">
         <name>.text:USBDClearFeature</name>
         <load_address>0x1a0c</load_address>
         <run_address>0x1a0c</run_address>
         <size>0x80</size>
         <input_file_ref idref="fl-148"/>
      </object_component>
      <object_component id="oc-6c3">
         <name>.text:USBDevEndpointConfigSet</name>
         <load_address>0x1a8c</load_address>
         <run_address>0x1a8c</run_address>
         <size>0x7a</size>
         <input_file_ref idref="fl-152"/>
      </object_component>
      <object_component id="oc-7c">
         <name>.text</name>
         <load_address>0x1b06</load_address>
         <run_address>0x1b06</run_address>
         <size>0x7a</size>
         <input_file_ref idref="fl-135"/>
      </object_component>
      <object_component id="oc-3e8">
         <name>.text:USBDGetStatus</name>
         <load_address>0x1b80</load_address>
         <run_address>0x1b80</run_address>
         <size>0x78</size>
         <input_file_ref idref="fl-148"/>
      </object_component>
      <object_component id="oc-28a">
         <name>.text:USBDBulkPacketRead</name>
         <load_address>0x1bf8</load_address>
         <run_address>0x1bf8</run_address>
         <size>0x72</size>
         <input_file_ref idref="fl-147"/>
      </object_component>
      <object_component id="oc-4e8">
         <name>.text:iDMAUSBArbSizeSet</name>
         <load_address>0x1c6a</load_address>
         <run_address>0x1c6a</run_address>
         <size>0x2</size>
         <input_file_ref idref="fl-14b"/>
      </object_component>
      <object_component id="oc-25a">
         <name>.text:USBDBulkCompositeInit</name>
         <load_address>0x1c6c</load_address>
         <run_address>0x1c6c</run_address>
         <size>0x70</size>
         <input_file_ref idref="fl-147"/>
      </object_component>
      <object_component id="oc-211">
         <name>.text:USBDEP0StateTx</name>
         <load_address>0x1cdc</load_address>
         <run_address>0x1cdc</run_address>
         <size>0x70</size>
         <input_file_ref idref="fl-148"/>
      </object_component>
      <object_component id="oc-494">
         <name>.text:uDMAUSBArbSizeSet</name>
         <load_address>0x1d4c</load_address>
         <run_address>0x1d4c</run_address>
         <size>0x70</size>
         <input_file_ref idref="fl-14b"/>
      </object_component>
      <object_component id="oc-4e2">
         <name>.text:uDMAUSBUnitSizeSet</name>
         <load_address>0x1dbc</load_address>
         <run_address>0x1dbc</run_address>
         <size>0x70</size>
         <input_file_ref idref="fl-14b"/>
      </object_component>
      <object_component id="oc-3f4">
         <name>.text:USBDSetFeature</name>
         <load_address>0x1e2c</load_address>
         <run_address>0x1e2c</run_address>
         <size>0x6c</size>
         <input_file_ref idref="fl-148"/>
      </object_component>
      <object_component id="oc-8e">
         <name>.text</name>
         <load_address>0x1e98</load_address>
         <run_address>0x1e98</run_address>
         <size>0x6c</size>
         <input_file_ref idref="fl-13b"/>
      </object_component>
      <object_component id="oc-6f">
         <name>.text</name>
         <load_address>0x1f04</load_address>
         <run_address>0x1f04</run_address>
         <size>0x6a</size>
         <input_file_ref idref="fl-131"/>
      </object_component>
      <object_component id="oc-524">
         <name>.text:iDMAUSBUnitSizeSet</name>
         <load_address>0x1f6e</load_address>
         <run_address>0x1f6e</run_address>
         <size>0x2</size>
         <input_file_ref idref="fl-14b"/>
      </object_component>
      <object_component id="oc-604">
         <name>.text:IntDisable</name>
         <load_address>0x1f70</load_address>
         <run_address>0x1f70</run_address>
         <size>0x68</size>
         <input_file_ref idref="fl-13f"/>
      </object_component>
      <object_component id="oc-383">
         <name>.text:IntEnable</name>
         <load_address>0x1fd8</load_address>
         <run_address>0x1fd8</run_address>
         <size>0x68</size>
         <input_file_ref idref="fl-13f"/>
      </object_component>
      <object_component id="oc-17c">
         <name>.text:ConfigureUART</name>
         <load_address>0x2040</load_address>
         <run_address>0x2040</run_address>
         <size>0x64</size>
         <input_file_ref idref="fl-4"/>
      </object_component>
      <object_component id="oc-5fe">
         <name>.text:IntIsEnabled</name>
         <load_address>0x20a4</load_address>
         <run_address>0x20a4</run_address>
         <size>0x64</size>
         <input_file_ref idref="fl-13f"/>
      </object_component>
      <object_component id="oc-29b">
         <name>.text:USBBufferEventCallback</name>
         <load_address>0x2108</load_address>
         <run_address>0x2108</run_address>
         <size>0x64</size>
         <input_file_ref idref="fl-142"/>
      </object_component>
      <object_component id="oc-4a6">
         <name>.text:uDMAUSBChannelEnable</name>
         <load_address>0x216c</load_address>
         <run_address>0x216c</run_address>
         <size>0x64</size>
         <input_file_ref idref="fl-14b"/>
      </object_component>
      <object_component id="oc-463">
         <name>.text:HandleDevice</name>
         <load_address>0x21d0</load_address>
         <run_address>0x21d0</run_address>
         <size>0x60</size>
         <input_file_ref idref="fl-147"/>
      </object_component>
      <object_component id="oc-5bf">
         <name>.text:ProcessDataFromHost</name>
         <load_address>0x2230</load_address>
         <run_address>0x2230</run_address>
         <size>0x60</size>
         <input_file_ref idref="fl-147"/>
      </object_component>
      <object_component id="oc-205">
         <name>.text:USBDReadAndDispatchRequest</name>
         <load_address>0x2290</load_address>
         <run_address>0x2290</run_address>
         <size>0x60</size>
         <input_file_ref idref="fl-148"/>
      </object_component>
      <object_component id="oc-1ed">
         <name>.text:USBDevEndpointStatusClear</name>
         <load_address>0x22f0</load_address>
         <run_address>0x22f0</run_address>
         <size>0x5e</size>
         <input_file_ref idref="fl-152"/>
      </object_component>
      <object_component id="oc-4b8">
         <name>.text:uDMAUSBChannelRelease</name>
         <load_address>0x234e</load_address>
         <run_address>0x234e</run_address>
         <size>0x56</size>
         <input_file_ref idref="fl-14b"/>
      </object_component>
      <object_component id="oc-273">
         <name>.text:USBDBulkPacketWrite</name>
         <load_address>0x23a4</load_address>
         <run_address>0x23a4</run_address>
         <size>0x54</size>
         <input_file_ref idref="fl-147"/>
      </object_component>
      <object_component id="oc-341">
         <name>.text:ULPIConfigSet</name>
         <load_address>0x23f8</load_address>
         <run_address>0x23f8</run_address>
         <size>0x52</size>
         <input_file_ref idref="fl-14c"/>
      </object_component>
      <object_component id="oc-434">
         <name>.text</name>
         <load_address>0x244a</load_address>
         <run_address>0x244a</run_address>
         <size>0x2</size>
         <input_file_ref idref="fl-13d"/>
      </object_component>
      <object_component id="oc-323">
         <name>.text:SysCtlPeripheralReset</name>
         <load_address>0x244c</load_address>
         <run_address>0x244c</run_address>
         <size>0x50</size>
         <input_file_ref idref="fl-150"/>
      </object_component>
      <object_component id="oc-6b1">
         <name>.text:USBDCDConfigDescGet</name>
         <load_address>0x249c</load_address>
         <run_address>0x249c</run_address>
         <size>0x50</size>
         <input_file_ref idref="fl-14e"/>
      </object_component>
      <object_component id="oc-137">
         <name>.text:USBDeviceResumeTickHandler</name>
         <load_address>0x24ec</load_address>
         <run_address>0x24ec</run_address>
         <size>0x50</size>
         <input_file_ref idref="fl-148"/>
      </object_component>
      <object_component id="oc-30">
         <name>.text</name>
         <load_address>0x253c</load_address>
         <run_address>0x253c</run_address>
         <size>0x50</size>
         <input_file_ref idref="fl-12f"/>
      </object_component>
      <object_component id="oc-6bd">
         <name>.text:GetEPDescriptorType</name>
         <load_address>0x258c</load_address>
         <run_address>0x258c</run_address>
         <size>0x4c</size>
         <input_file_ref idref="fl-14f"/>
      </object_component>
      <object_component id="oc-593">
         <name>.text:USBDStringIndexFromRequest</name>
         <load_address>0x25d8</load_address>
         <run_address>0x25d8</run_address>
         <size>0x4c</size>
         <input_file_ref idref="fl-148"/>
      </object_component>
      <object_component id="oc-637">
         <name>.text:USBEndpointDMAConfigSet</name>
         <load_address>0x2624</load_address>
         <run_address>0x2624</run_address>
         <size>0x4c</size>
         <input_file_ref idref="fl-152"/>
      </object_component>
      <object_component id="oc-518">
         <name>.text:iDMAUSBChannelEnable</name>
         <load_address>0x2670</load_address>
         <run_address>0x2670</run_address>
         <size>0x4c</size>
         <input_file_ref idref="fl-14b"/>
      </object_component>
      <object_component id="oc-100">
         <name>.text</name>
         <load_address>0x26bc</load_address>
         <run_address>0x26bc</run_address>
         <size>0x4c</size>
         <input_file_ref idref="fl-13c"/>
      </object_component>
      <object_component id="oc-6de">
         <name>.text:ConfigAlternateInterfaceGet</name>
         <load_address>0x2708</load_address>
         <run_address>0x2708</run_address>
         <size>0x4a</size>
         <input_file_ref idref="fl-14e"/>
      </object_component>
      <object_component id="oc-58a">
         <name>.text:USBDevEndpointStallClear</name>
         <load_address>0x2752</load_address>
         <run_address>0x2752</run_address>
         <size>0x4a</size>
         <input_file_ref idref="fl-152"/>
      </object_component>
      <object_component id="oc-4a0">
         <name>.text:uDMAUSBChannelDisable</name>
         <load_address>0x279c</load_address>
         <run_address>0x279c</run_address>
         <size>0x4a</size>
         <input_file_ref idref="fl-14b"/>
      </object_component>
      <object_component id="oc-4b2">
         <name>.text:uDMAUSBChannelIntDisable</name>
         <load_address>0x27e6</load_address>
         <run_address>0x27e6</run_address>
         <size>0x2</size>
         <input_file_ref idref="fl-14b"/>
      </object_component>
      <object_component id="oc-131">
         <name>.text:USBDeviceEnumResetHandler</name>
         <load_address>0x27e8</load_address>
         <run_address>0x27e8</run_address>
         <size>0x48</size>
         <input_file_ref idref="fl-148"/>
      </object_component>
      <object_component id="oc-5ea">
         <name>.text:uDMAChannelAttributeDisable</name>
         <load_address>0x2830</load_address>
         <run_address>0x2830</run_address>
         <size>0x48</size>
         <input_file_ref idref="fl-151"/>
      </object_component>
      <object_component id="oc-1f9">
         <name>.text:USBEndpointDataGet</name>
         <load_address>0x2878</load_address>
         <run_address>0x2878</run_address>
         <size>0x46</size>
         <input_file_ref idref="fl-152"/>
      </object_component>
      <object_component id="oc-4ac">
         <name>.text:uDMAUSBChannelIntEnable</name>
         <load_address>0x28be</load_address>
         <run_address>0x28be</run_address>
         <size>0x2</size>
         <input_file_ref idref="fl-14b"/>
      </object_component>
      <object_component id="oc-304">
         <name>.text:USBDCDDeviceInfoInit</name>
         <load_address>0x28c0</load_address>
         <run_address>0x28c0</run_address>
         <size>0x44</size>
         <input_file_ref idref="fl-148"/>
      </object_component>
      <object_component id="oc-418">
         <name>.text:USBDGetInterface</name>
         <load_address>0x2904</load_address>
         <run_address>0x2904</run_address>
         <size>0x44</size>
         <input_file_ref idref="fl-148"/>
      </object_component>
      <object_component id="oc-9a">
         <name>.text</name>
         <load_address>0x2948</load_address>
         <run_address>0x2948</run_address>
         <size>0x44</size>
         <input_file_ref idref="fl-133"/>
      </object_component>
      <object_component id="oc-194">
         <name>.text:USBDBulkInit</name>
         <load_address>0x298c</load_address>
         <run_address>0x298c</run_address>
         <size>0x40</size>
         <input_file_ref idref="fl-147"/>
      </object_component>
      <object_component id="oc-2ec">
         <name>.text</name>
         <load_address>0x29cc</load_address>
         <run_address>0x29cc</run_address>
         <size>0x40</size>
         <input_file_ref idref="fl-138"/>
      </object_component>
      <object_component id="oc-2e5">
         <name>.text:UARTFlushTx</name>
         <load_address>0x2a0c</load_address>
         <run_address>0x2a0c</run_address>
         <size>0x3c</size>
         <input_file_ref idref="fl-5"/>
      </object_component>
      <object_component id="oc-512">
         <name>.text:iDMAUSBChannelRelease</name>
         <load_address>0x2a48</load_address>
         <run_address>0x2a48</run_address>
         <size>0x3c</size>
         <input_file_ref idref="fl-14b"/>
      </object_component>
      <object_component id="oc-6cf">
         <name>.text:USBFIFOConfigSet</name>
         <load_address>0x2a84</load_address>
         <run_address>0x2a84</run_address>
         <size>0x3a</size>
         <input_file_ref idref="fl-152"/>
      </object_component>
      <object_component id="oc-310">
         <name>.text:InternalUSBRegisterTickHandler</name>
         <load_address>0x2ac0</load_address>
         <run_address>0x2ac0</run_address>
         <size>0x38</size>
         <input_file_ref idref="fl-145"/>
      </object_component>
      <object_component id="oc-13d">
         <name>.text:InternalUSBStartOfFrameTick</name>
         <load_address>0x2af8</load_address>
         <run_address>0x2af8</run_address>
         <size>0x38</size>
         <input_file_ref idref="fl-145"/>
      </object_component>
      <object_component id="oc-6b7">
         <name>.text:USBDCDConfigGetInterfaceEndpoint</name>
         <load_address>0x2b30</load_address>
         <run_address>0x2b30</run_address>
         <size>0x38</size>
         <input_file_ref idref="fl-14e"/>
      </object_component>
      <object_component id="oc-d8">
         <name>.text:USBIntStatusControl</name>
         <load_address>0x2b68</load_address>
         <run_address>0x2b68</run_address>
         <size>0x38</size>
         <input_file_ref idref="fl-152"/>
      </object_component>
      <object_component id="oc-56b">
         <name>.text:USBRingBufAdvanceWrite</name>
         <load_address>0x2ba0</load_address>
         <run_address>0x2ba0</run_address>
         <size>0x38</size>
         <input_file_ref idref="fl-144"/>
      </object_component>
      <object_component id="oc-2cf">
         <name>.text:USBEndpointDataPut</name>
         <load_address>0x2bd8</load_address>
         <run_address>0x2bd8</run_address>
         <size>0x36</size>
         <input_file_ref idref="fl-152"/>
      </object_component>
      <object_component id="oc-45d">
         <name>.text:HandleEndpoints</name>
         <load_address>0x2c0e</load_address>
         <run_address>0x2c0e</run_address>
         <size>0x34</size>
         <input_file_ref idref="fl-147"/>
      </object_component>
      <object_component id="oc-329">
         <name>.text:SysCtlPeripheralEnable</name>
         <load_address>0x2c44</load_address>
         <run_address>0x2c44</run_address>
         <size>0x34</size>
         <input_file_ref idref="fl-150"/>
      </object_component>
      <object_component id="oc-2d5">
         <name>.text:USBEndpointDataSend</name>
         <load_address>0x2c78</load_address>
         <run_address>0x2c78</run_address>
         <size>0x34</size>
         <input_file_ref idref="fl-152"/>
      </object_component>
      <object_component id="oc-4f4">
         <name>.text:iDMAUSBChannelStatus</name>
         <load_address>0x2cac</load_address>
         <run_address>0x2cac</run_address>
         <size>0x34</size>
         <input_file_ref idref="fl-14b"/>
      </object_component>
      <object_component id="oc-718">
         <name>.text:NextConfigDescGet</name>
         <load_address>0x2ce0</load_address>
         <run_address>0x2ce0</run_address>
         <size>0x32</size>
         <input_file_ref idref="fl-14e"/>
      </object_component>
      <object_component id="oc-5c5">
         <name>.text:ProcessDataToHost</name>
         <load_address>0x2d12</load_address>
         <run_address>0x2d12</run_address>
         <size>0x32</size>
         <input_file_ref idref="fl-147"/>
      </object_component>
      <object_component id="oc-3df">
         <name>.text:USBDevEndpointStall</name>
         <load_address>0x2d44</load_address>
         <run_address>0x2d44</run_address>
         <size>0x32</size>
         <input_file_ref idref="fl-152"/>
      </object_component>
      <object_component id="oc-51e">
         <name>.text:iDMAUSBChannelDisable</name>
         <load_address>0x2d76</load_address>
         <run_address>0x2d76</run_address>
         <size>0x32</size>
         <input_file_ref idref="fl-14b"/>
      </object_component>
      <object_component id="oc-4c4">
         <name>.text:DMAUSBIntHandler</name>
         <load_address>0x2da8</load_address>
         <run_address>0x2da8</run_address>
         <size>0x30</size>
         <input_file_ref idref="fl-14b"/>
      </object_component>
      <object_component id="oc-30a">
         <name>.text:InternalUSBTickInit</name>
         <load_address>0x2dd8</load_address>
         <run_address>0x2dd8</run_address>
         <size>0x30</size>
         <input_file_ref idref="fl-145"/>
      </object_component>
      <object_component id="oc-40c">
         <name>.text:USBDGetConfiguration</name>
         <load_address>0x2e08</load_address>
         <run_address>0x2e08</run_address>
         <size>0x30</size>
         <input_file_ref idref="fl-148"/>
      </object_component>
      <object_component id="oc-697">
         <name>.text:UpdateIndexAtomic</name>
         <load_address>0x2e38</load_address>
         <run_address>0x2e38</run_address>
         <size>0x30</size>
         <input_file_ref idref="fl-144"/>
      </object_component>
      <object_component id="oc-2df">
         <name>.text:UARTFlushRx</name>
         <load_address>0x2e68</load_address>
         <run_address>0x2e68</run_address>
         <size>0x2c</size>
         <input_file_ref idref="fl-5"/>
      </object_component>
      <object_component id="oc-711">
         <name>.text:USBDescGet</name>
         <load_address>0x2e94</load_address>
         <run_address>0x2e94</run_address>
         <size>0x2c</size>
         <input_file_ref idref="fl-14a"/>
      </object_component>
      <object_component id="oc-4ca">
         <name>.text:uDMAUSBIntStatus</name>
         <load_address>0x2ec0</load_address>
         <run_address>0x2ec0</run_address>
         <size>0x2c</size>
         <input_file_ref idref="fl-14b"/>
      </object_component>
      <object_component id="oc-3bf">
         <name>.text:HandleRequestBuffer</name>
         <load_address>0x2eec</load_address>
         <run_address>0x2eec</run_address>
         <size>0x2a</size>
         <input_file_ref idref="fl-142"/>
      </object_component>
      <object_component id="oc-5a4">
         <name>.text:USBDCDConfigDescGetNum</name>
         <load_address>0x2f16</load_address>
         <run_address>0x2f16</run_address>
         <size>0x2a</size>
         <input_file_ref idref="fl-14e"/>
      </object_component>
      <object_component id="oc-6d7">
         <name>.text:USBDescGetNum</name>
         <load_address>0x2f40</load_address>
         <run_address>0x2f40</run_address>
         <size>0x2a</size>
         <input_file_ref idref="fl-14a"/>
      </object_component>
      <object_component id="oc-1ff">
         <name>.text:USBDevEndpointDataAck</name>
         <load_address>0x2f6a</load_address>
         <run_address>0x2f6a</run_address>
         <size>0x2a</size>
         <input_file_ref idref="fl-152"/>
      </object_component>
      <object_component id="oc-3fa">
         <name>.text:USBDSetAddress</name>
         <load_address>0x2f94</load_address>
         <run_address>0x2f94</run_address>
         <size>0x28</size>
         <input_file_ref idref="fl-148"/>
      </object_component>
      <object_component id="oc-371">
         <name>.text:USBIntEnableControl</name>
         <load_address>0x2fbc</load_address>
         <run_address>0x2fbc</run_address>
         <size>0x28</size>
         <input_file_ref idref="fl-152"/>
      </object_component>
      <object_component id="oc-61c">
         <name>.text:uDMAChannelModeGet</name>
         <load_address>0x2fe4</load_address>
         <run_address>0x2fe4</run_address>
         <size>0x28</size>
         <input_file_ref idref="fl-151"/>
      </object_component>
      <object_component id="oc-31c">
         <name>.text:BulkTickHandler</name>
         <load_address>0x300c</load_address>
         <run_address>0x300c</run_address>
         <size>0x24</size>
         <input_file_ref idref="fl-147"/>
      </object_component>
      <object_component id="oc-445">
         <name>.text:HandleConfigChange</name>
         <load_address>0x3030</load_address>
         <run_address>0x3030</run_address>
         <size>0x24</size>
         <input_file_ref idref="fl-147"/>
      </object_component>
      <object_component id="oc-5f0">
         <name>.text:USBEndpointDMADisable</name>
         <load_address>0x3054</load_address>
         <run_address>0x3054</run_address>
         <size>0x24</size>
         <input_file_ref idref="fl-152"/>
      </object_component>
      <object_component id="oc-60a">
         <name>.text:USBEndpointDMAEnable</name>
         <load_address>0x3078</load_address>
         <run_address>0x3078</run_address>
         <size>0x24</size>
         <input_file_ref idref="fl-152"/>
      </object_component>
      <object_component id="oc-18e">
         <name>.text:USBStackModeSet</name>
         <load_address>0x309c</load_address>
         <run_address>0x309c</run_address>
         <size>0x24</size>
         <input_file_ref idref="fl-143"/>
      </object_component>
      <object_component id="oc-5dd">
         <name>.text:uDMAChannelControlSet</name>
         <load_address>0x30c0</load_address>
         <run_address>0x30c0</run_address>
         <size>0x24</size>
         <input_file_ref idref="fl-151"/>
      </object_component>
      <object_component id="oc-457">
         <name>.text:HandleDisconnect</name>
         <load_address>0x30e4</load_address>
         <run_address>0x30e4</run_address>
         <size>0x22</size>
         <input_file_ref idref="fl-147"/>
      </object_component>
      <object_component id="oc-290">
         <name>.text:USBDBulkRxPacketAvailable</name>
         <load_address>0x3106</load_address>
         <run_address>0x3106</run_address>
         <size>0x22</size>
         <input_file_ref idref="fl-147"/>
      </object_component>
      <object_component id="oc-4be">
         <name>.text:uDMAUSBChannelStatus</name>
         <load_address>0x3128</load_address>
         <run_address>0x3128</run_address>
         <size>0x22</size>
         <input_file_ref idref="fl-14b"/>
      </object_component>
      <object_component id="oc-6c9">
         <name>.text:GetEndpointFIFOSize</name>
         <load_address>0x314a</load_address>
         <run_address>0x314a</run_address>
         <size>0x20</size>
         <input_file_ref idref="fl-14f"/>
      </object_component>
      <object_component id="oc-3b3">
         <name>.text:HandleDataRemaining</name>
         <load_address>0x316a</load_address>
         <run_address>0x316a</run_address>
         <size>0x20</size>
         <input_file_ref idref="fl-142"/>
      </object_component>
      <object_component id="oc-557">
         <name>.text:USBRingBufAdvanceRead</name>
         <load_address>0x318a</load_address>
         <run_address>0x318a</run_address>
         <size>0x20</size>
         <input_file_ref idref="fl-144"/>
      </object_component>
      <object_component id="oc-564">
         <name>.text:USBRingBufContigFree</name>
         <load_address>0x31aa</load_address>
         <run_address>0x31aa</run_address>
         <size>0x1e</size>
         <input_file_ref idref="fl-144"/>
      </object_component>
      <object_component id="oc-477">
         <name>.text:USBULPIRegRead</name>
         <load_address>0x31c8</load_address>
         <run_address>0x31c8</run_address>
         <size>0x1e</size>
         <input_file_ref idref="fl-152"/>
      </object_component>
      <object_component id="oc-47d">
         <name>.text:USBULPIRegWrite</name>
         <load_address>0x31e6</load_address>
         <run_address>0x31e6</run_address>
         <size>0x1e</size>
         <input_file_ref idref="fl-152"/>
      </object_component>
      <object_component id="oc-5aa">
         <name>.text:USBDCDConfigGetInterface</name>
         <load_address>0x3204</load_address>
         <run_address>0x3204</run_address>
         <size>0x1c</size>
         <input_file_ref idref="fl-14e"/>
      </object_component>
      <object_component id="oc-2bc">
         <name>.text:USBDCDStallEP0</name>
         <load_address>0x3220</load_address>
         <run_address>0x3220</run_address>
         <size>0x1c</size>
         <input_file_ref idref="fl-148"/>
      </object_component>
      <object_component id="oc-3a3">
         <name>.text:USBEndpointDataAvail</name>
         <load_address>0x323c</load_address>
         <run_address>0x323c</run_address>
         <size>0x1c</size>
         <input_file_ref idref="fl-152"/>
      </object_component>
      <object_component id="oc-577">
         <name>.text:USBRingBufWrite</name>
         <load_address>0x3258</load_address>
         <run_address>0x3258</run_address>
         <size>0x1c</size>
         <input_file_ref idref="fl-144"/>
      </object_component>
      <object_component id="oc-182">
         <name>.text:UARTprintf</name>
         <load_address>0x3274</load_address>
         <run_address>0x3274</run_address>
         <size>0x1a</size>
         <input_file_ref idref="fl-5"/>
      </object_component>
      <object_component id="oc-2c9">
         <name>.text:USBDCDConfigDescGetSize</name>
         <load_address>0x328e</load_address>
         <run_address>0x328e</run_address>
         <size>0x1a</size>
         <input_file_ref idref="fl-14e"/>
      </object_component>
      <object_component id="oc-5e4">
         <name>.text:USBEndpointDMAChannel</name>
         <load_address>0x32a8</load_address>
         <run_address>0x32a8</run_address>
         <size>0x1a</size>
         <input_file_ref idref="fl-152"/>
      </object_component>
      <object_component id="oc-be">
         <name>.text:IsBufferFull</name>
         <load_address>0x32c2</load_address>
         <run_address>0x32c2</run_address>
         <size>0x18</size>
         <input_file_ref idref="fl-5"/>
      </object_component>
      <object_component id="oc-3a9">
         <name>.text:SetDeferredOpFlag</name>
         <load_address>0x32da</load_address>
         <run_address>0x32da</run_address>
         <size>0x18</size>
         <input_file_ref idref="fl-147"/>
      </object_component>
      <object_component id="oc-5a">
         <name>.text:USB0DeviceIntHandler</name>
         <load_address>0x32f4</load_address>
         <run_address>0x32f4</run_address>
         <size>0x18</size>
         <input_file_ref idref="fl-149"/>
      </object_component>
      <object_component id="oc-188">
         <name>.text:USBBufferInit</name>
         <load_address>0x330c</load_address>
         <run_address>0x330c</run_address>
         <size>0x18</size>
         <input_file_ref idref="fl-142"/>
      </object_component>
      <object_component id="oc-406">
         <name>.text:USBDSetDescriptor</name>
         <load_address>0x3324</load_address>
         <run_address>0x3324</run_address>
         <size>0x18</size>
         <input_file_ref idref="fl-148"/>
      </object_component>
      <object_component id="oc-424">
         <name>.text:USBDSyncFrame</name>
         <load_address>0x333c</load_address>
         <run_address>0x333c</run_address>
         <size>0x18</size>
         <input_file_ref idref="fl-148"/>
      </object_component>
      <object_component id="oc-94">
         <name>.text</name>
         <load_address>0x3354</load_address>
         <run_address>0x3354</run_address>
         <size>0x18</size>
         <input_file_ref idref="fl-13a"/>
      </object_component>
      <object_component id="oc-5f7">
         <name>.text:uDMAChannelDisable</name>
         <load_address>0x336c</load_address>
         <run_address>0x336c</run_address>
         <size>0x18</size>
         <input_file_ref idref="fl-151"/>
      </object_component>
      <object_component id="oc-610">
         <name>.text:uDMAChannelEnable</name>
         <load_address>0x3384</load_address>
         <run_address>0x3384</run_address>
         <size>0x18</size>
         <input_file_ref idref="fl-151"/>
      </object_component>
      <object_component id="oc-540">
         <name>.text:USBBufferDataWritten</name>
         <load_address>0x339c</load_address>
         <run_address>0x339c</run_address>
         <size>0x16</size>
         <input_file_ref idref="fl-142"/>
      </object_component>
      <object_component id="oc-377">
         <name>.text:USBIntEnableEndpoint</name>
         <load_address>0x33b2</load_address>
         <run_address>0x33b2</run_address>
         <size>0x16</size>
         <input_file_ref idref="fl-152"/>
      </object_component>
      <object_component id="oc-547">
         <name>.text:USBRingBufFlush</name>
         <load_address>0x33c8</load_address>
         <run_address>0x33c8</run_address>
         <size>0x16</size>
         <input_file_ref idref="fl-144"/>
      </object_component>
      <object_component id="oc-550">
         <name>.text:USBRingBufUsed</name>
         <load_address>0x33de</load_address>
         <run_address>0x33de</run_address>
         <size>0x16</size>
         <input_file_ref idref="fl-144"/>
      </object_component>
      <object_component id="oc-3b9">
         <name>.text:HandleTxComplete</name>
         <load_address>0x33f4</load_address>
         <run_address>0x33f4</run_address>
         <size>0x14</size>
         <input_file_ref idref="fl-142"/>
      </object_component>
      <object_component id="oc-32f">
         <name>.text:SysCtlUSBPLLEnable</name>
         <load_address>0x3408</load_address>
         <run_address>0x3408</run_address>
         <size>0x14</size>
         <input_file_ref idref="fl-150"/>
      </object_component>
      <object_component id="oc-26d">
         <name>.text:TxHandler</name>
         <load_address>0x341c</load_address>
         <run_address>0x341c</run_address>
         <size>0x14</size>
         <input_file_ref idref="fl-4"/>
      </object_component>
      <object_component id="oc-66f">
         <name>.text:USBDMAChannelConfigSet</name>
         <load_address>0x3430</load_address>
         <run_address>0x3430</run_address>
         <size>0x14</size>
         <input_file_ref idref="fl-152"/>
      </object_component>
      <object_component id="oc-1d8">
         <name>.text:USBHostResume</name>
         <load_address>0x3444</load_address>
         <run_address>0x3444</run_address>
         <size>0x14</size>
         <input_file_ref idref="fl-152"/>
      </object_component>
      <object_component id="oc-722">
         <name>.text:_USBIndexWrite</name>
         <load_address>0x3458</load_address>
         <run_address>0x3458</run_address>
         <size>0x14</size>
         <input_file_ref idref="fl-152"/>
      </object_component>
      <object_component id="oc-1b1">
         <name>.text</name>
         <load_address>0x346c</load_address>
         <run_address>0x346c</run_address>
         <size>0x14</size>
         <input_file_ref idref="fl-139"/>
      </object_component>
      <object_component id="oc-451">
         <name>.text:HandleResume</name>
         <load_address>0x3480</load_address>
         <run_address>0x3480</run_address>
         <size>0x12</size>
         <input_file_ref idref="fl-147"/>
      </object_component>
      <object_component id="oc-44b">
         <name>.text:HandleSuspend</name>
         <load_address>0x3492</load_address>
         <run_address>0x3492</run_address>
         <size>0x12</size>
         <input_file_ref idref="fl-147"/>
      </object_component>
      <object_component id="oc-534">
         <name>.text:USBBufferInfoGet</name>
         <load_address>0x34a4</load_address>
         <run_address>0x34a4</run_address>
         <size>0x12</size>
         <input_file_ref idref="fl-142"/>
      </object_component>
      <object_component id="oc-640">
         <name>.text:USBDMAChannelDisable</name>
         <load_address>0x34b6</load_address>
         <run_address>0x34b6</run_address>
         <size>0x12</size>
         <input_file_ref idref="fl-152"/>
      </object_component>
      <object_component id="oc-675">
         <name>.text:USBDMAChannelEnable</name>
         <load_address>0x34c8</load_address>
         <run_address>0x34c8</run_address>
         <size>0x12</size>
         <input_file_ref idref="fl-152"/>
      </object_component>
      <object_component id="oc-65c">
         <name>.text:USBDMAChannelIntDisable</name>
         <load_address>0x34da</load_address>
         <run_address>0x34da</run_address>
         <size>0x12</size>
         <input_file_ref idref="fl-152"/>
      </object_component>
      <object_component id="oc-655">
         <name>.text:USBDMAChannelIntEnable</name>
         <load_address>0x34ec</load_address>
         <run_address>0x34ec</run_address>
         <size>0x12</size>
         <input_file_ref idref="fl-152"/>
      </object_component>
      <object_component id="oc-571">
         <name>.text:USBRingBufFree</name>
         <load_address>0x34fe</load_address>
         <run_address>0x34fe</run_address>
         <size>0x12</size>
         <input_file_ref idref="fl-144"/>
      </object_component>
      <object_component id="oc-689">
         <name>.text:IntMasterDisable</name>
         <load_address>0x3510</load_address>
         <run_address>0x3510</run_address>
         <size>0x10</size>
         <input_file_ref idref="fl-13f"/>
      </object_component>
      <object_component id="oc-68f">
         <name>.text:IntMasterEnable</name>
         <load_address>0x3520</load_address>
         <run_address>0x3520</run_address>
         <size>0x10</size>
         <input_file_ref idref="fl-13f"/>
      </object_component>
      <object_component id="oc-4e">
         <name>.text:SysTickIntHandler</name>
         <load_address>0x3530</load_address>
         <run_address>0x3530</run_address>
         <size>0x10</size>
         <input_file_ref idref="fl-4"/>
      </object_component>
      <object_component id="oc-1e7">
         <name>.text:USBEndpointStatus</name>
         <load_address>0x3540</load_address>
         <run_address>0x3540</run_address>
         <size>0x10</size>
         <input_file_ref idref="fl-152"/>
      </object_component>
      <object_component id="oc-69e">
         <name>.text:USBRingBufContigUsed</name>
         <load_address>0x3550</load_address>
         <run_address>0x3550</run_address>
         <size>0x10</size>
         <input_file_ref idref="fl-144"/>
      </object_component>
      <object_component id="oc-6a8">
         <name>.text:USBRingBufWriteOne</name>
         <load_address>0x3560</load_address>
         <run_address>0x3560</run_address>
         <size>0x10</size>
         <input_file_ref idref="fl-144"/>
      </object_component>
      <object_component id="oc-4d0">
         <name>.text:DMAUSBIntStatusClear</name>
         <load_address>0x3570</load_address>
         <run_address>0x3570</run_address>
         <size>0xe</size>
         <input_file_ref idref="fl-14b"/>
      </object_component>
      <object_component id="oc-b2">
         <name>.text:IsBufferEmpty</name>
         <load_address>0x357e</load_address>
         <run_address>0x357e</run_address>
         <size>0xe</size>
         <input_file_ref idref="fl-5"/>
      </object_component>
      <object_component id="oc-279">
         <name>.text:USBDBulkTxPacketAvailable</name>
         <load_address>0x358c</load_address>
         <run_address>0x358c</run_address>
         <size>0xe</size>
         <input_file_ref idref="fl-147"/>
      </object_component>
      <object_component id="oc-647">
         <name>.text:USBDMAChannelStatus</name>
         <load_address>0x359a</load_address>
         <run_address>0x359a</run_address>
         <size>0xe</size>
         <input_file_ref idref="fl-152"/>
      </object_component>
      <object_component id="oc-359">
         <name>.text:USBDevLPMDisable</name>
         <load_address>0x35a8</load_address>
         <run_address>0x35a8</run_address>
         <size>0xe</size>
         <input_file_ref idref="fl-152"/>
      </object_component>
      <object_component id="oc-149">
         <name>.text:USBDevLPMEnable</name>
         <load_address>0x35b6</load_address>
         <run_address>0x35b6</run_address>
         <size>0xe</size>
         <input_file_ref idref="fl-152"/>
      </object_component>
      <object_component id="oc-347">
         <name>.text:USBULPIDisable</name>
         <load_address>0x35c4</load_address>
         <run_address>0x35c4</run_address>
         <size>0xe</size>
         <input_file_ref idref="fl-152"/>
      </object_component>
      <object_component id="oc-33b">
         <name>.text:USBULPIEnable</name>
         <load_address>0x35d2</load_address>
         <run_address>0x35d2</run_address>
         <size>0xe</size>
         <input_file_ref idref="fl-152"/>
      </object_component>
      <object_component id="oc-1e">
         <name>.text:decompress:none</name>
         <load_address>0x35e0</load_address>
         <run_address>0x35e0</run_address>
         <size>0xe</size>
         <input_file_ref idref="fl-130"/>
      </object_component>
      <object_component id="oc-700">
         <name>.text:CPUcpsid</name>
         <load_address>0x35ee</load_address>
         <run_address>0x35ee</run_address>
         <size>0xc</size>
         <input_file_ref idref="fl-141"/>
      </object_component>
      <object_component id="oc-707">
         <name>.text:CPUcpsie</name>
         <load_address>0x35fa</load_address>
         <run_address>0x35fa</run_address>
         <size>0xc</size>
         <input_file_ref idref="fl-141"/>
      </object_component>
      <object_component id="oc-631">
         <name>.text:USBEndpointPacketCountSet</name>
         <load_address>0x3606</load_address>
         <run_address>0x3606</run_address>
         <size>0xc</size>
         <input_file_ref idref="fl-152"/>
      </object_component>
      <object_component id="oc-365">
         <name>.text:USBLPMIntEnable</name>
         <load_address>0x3612</load_address>
         <run_address>0x3612</run_address>
         <size>0xc</size>
         <input_file_ref idref="fl-152"/>
      </object_component>
      <object_component id="oc-24b">
         <name>.text:USBRingBufInit</name>
         <load_address>0x361e</load_address>
         <run_address>0x361e</run_address>
         <size>0xc</size>
         <input_file_ref idref="fl-144"/>
      </object_component>
      <object_component id="oc-2a">
         <name>.text:decompress:ZI</name>
         <load_address>0x362a</load_address>
         <run_address>0x362a</run_address>
         <size>0xc</size>
         <input_file_ref idref="fl-132"/>
      </object_component>
      <object_component id="oc-335">
         <name>.text:USBClockEnable</name>
         <load_address>0x3636</load_address>
         <run_address>0x3636</run_address>
         <size>0xa</size>
         <input_file_ref idref="fl-152"/>
      </object_component>
      <object_component id="oc-48b">
         <name>.text:USBControllerVersion</name>
         <load_address>0x3640</load_address>
         <run_address>0x3640</run_address>
         <size>0xa</size>
         <input_file_ref idref="fl-152"/>
      </object_component>
      <object_component id="oc-663">
         <name>.text:USBDMAChannelAddressSet</name>
         <load_address>0x364a</load_address>
         <run_address>0x364a</run_address>
         <size>0xa</size>
         <input_file_ref idref="fl-152"/>
      </object_component>
      <object_component id="oc-669">
         <name>.text:USBDMAChannelCountSet</name>
         <load_address>0x3654</load_address>
         <run_address>0x3654</run_address>
         <size>0xa</size>
         <input_file_ref idref="fl-152"/>
      </object_component>
      <object_component id="oc-37d">
         <name>.text:USBDevConnect</name>
         <load_address>0x365e</load_address>
         <run_address>0x365e</run_address>
         <size>0xa</size>
         <input_file_ref idref="fl-152"/>
      </object_component>
      <object_component id="oc-15b">
         <name>.text:USBDevDisconnect</name>
         <load_address>0x3668</load_address>
         <run_address>0x3668</run_address>
         <size>0xa</size>
         <input_file_ref idref="fl-152"/>
      </object_component>
      <object_component id="oc-14f">
         <name>.text:USBIntStatusEndpoint</name>
         <load_address>0x3672</load_address>
         <run_address>0x3672</run_address>
         <size>0xa</size>
         <input_file_ref idref="fl-152"/>
      </object_component>
      <object_component id="oc-353">
         <name>.text:USBDevMode</name>
         <load_address>0x367c</load_address>
         <run_address>0x367c</run_address>
         <size>0x8</size>
         <input_file_ref idref="fl-152"/>
      </object_component>
      <object_component id="oc-625">
         <name>.text:USBFIFOAddrGet</name>
         <load_address>0x3684</load_address>
         <run_address>0x3684</run_address>
         <size>0x8</size>
         <input_file_ref idref="fl-152"/>
      </object_component>
      <object_component id="oc-34d">
         <name>.text:USBOTGMode</name>
         <load_address>0x368c</load_address>
         <run_address>0x368c</run_address>
         <size>0x8</size>
         <input_file_ref idref="fl-152"/>
      </object_component>
      <object_component id="oc-506">
         <name>.text:iDMAUSBChannelIntDisable</name>
         <load_address>0x3694</load_address>
         <run_address>0x3694</run_address>
         <size>0x8</size>
         <input_file_ref idref="fl-14b"/>
      </object_component>
      <object_component id="oc-500">
         <name>.text:iDMAUSBChannelIntEnable</name>
         <load_address>0x369c</load_address>
         <run_address>0x369c</run_address>
         <size>0x8</size>
         <input_file_ref idref="fl-14b"/>
      </object_component>
      <object_component id="oc-19a">
         <name>.text:GPIOPinWrite</name>
         <load_address>0x36a4</load_address>
         <run_address>0x36a4</run_address>
         <size>0x6</size>
         <input_file_ref idref="fl-13e"/>
      </object_component>
      <object_component id="oc-36">
         <name>.text:ResetISR</name>
         <load_address>0x36aa</load_address>
         <run_address>0x36aa</run_address>
         <size>0x6</size>
         <input_file_ref idref="fl-2"/>
      </object_component>
      <object_component id="oc-232">
         <name>.text:UARTClockSourceSet</name>
         <load_address>0x36b0</load_address>
         <run_address>0x36b0</run_address>
         <size>0x6</size>
         <input_file_ref idref="fl-140"/>
      </object_component>
      <object_component id="oc-39c">
         <name>.text:USBBufferFlush</name>
         <load_address>0x36b6</load_address>
         <run_address>0x36b6</run_address>
         <size>0x6</size>
         <input_file_ref idref="fl-142"/>
      </object_component>
      <object_component id="oc-53a">
         <name>.text:USBBufferSpaceAvailable</name>
         <load_address>0x36bc</load_address>
         <run_address>0x36bc</run_address>
         <size>0x6</size>
         <input_file_ref idref="fl-142"/>
      </object_component>
      <object_component id="oc-64e">
         <name>.text:USBDMAChannelIntStatus</name>
         <load_address>0x36c2</load_address>
         <run_address>0x36c2</run_address>
         <size>0x6</size>
         <input_file_ref idref="fl-152"/>
      </object_component>
      <object_component id="oc-35f">
         <name>.text:USBDevLPMConfig</name>
         <load_address>0x36c8</load_address>
         <run_address>0x36c8</run_address>
         <size>0x6</size>
         <input_file_ref idref="fl-152"/>
      </object_component>
      <object_component id="oc-143">
         <name>.text:USBLPMIntStatus</name>
         <load_address>0x36ce</load_address>
         <run_address>0x36ce</run_address>
         <size>0x6</size>
         <input_file_ref idref="fl-152"/>
      </object_component>
      <object_component id="oc-24">
         <name>.text:decompress:rle24</name>
         <load_address>0x36d4</load_address>
         <run_address>0x36d4</run_address>
         <size>0x6</size>
         <input_file_ref idref="fl-131"/>
      </object_component>
      <object_component id="oc-4fa">
         <name>.text:iDMAUSBIntStatus</name>
         <load_address>0x36da</load_address>
         <run_address>0x36da</run_address>
         <size>0x6</size>
         <input_file_ref idref="fl-14b"/>
      </object_component>
      <object_component id="oc-4d6">
         <name>.text:DMAUSBStatus</name>
         <load_address>0x36e0</load_address>
         <run_address>0x36e0</run_address>
         <size>0x4</size>
         <input_file_ref idref="fl-14b"/>
      </object_component>
      <object_component id="oc-1f3">
         <name>.text:USBDevAddrSet</name>
         <load_address>0x36e4</load_address>
         <run_address>0x36e4</run_address>
         <size>0x4</size>
         <input_file_ref idref="fl-152"/>
      </object_component>
      <object_component id="oc-88">
         <name>.text</name>
         <load_address>0x36e8</load_address>
         <run_address>0x36e8</run_address>
         <size>0x4</size>
         <input_file_ref idref="fl-136"/>
      </object_component>
      <object_component id="oc-52f">
         <name>.const</name>
         <load_address>0x36ec</load_address>
         <run_address>0x36ec</run_address>
         <size>0x70</size>
         <input_file_ref idref="fl-13f"/>
      </object_component>
      <object_component id="oc-2c5">
         <name>.const:g_psUSBDStdRequests</name>
         <load_address>0x375c</load_address>
         <run_address>0x375c</run_address>
         <size>0x34</size>
         <input_file_ref idref="fl-148"/>
      </object_component>
      <object_component id="oc-3d8">
         <name>.const:.string:g_pui8ConfigString</name>
         <load_address>0x3790</load_address>
         <run_address>0x3790</run_address>
         <size>0x30</size>
         <input_file_ref idref="fl-3"/>
      </object_component>
      <object_component id="oc-316">
         <name>.const:g_sBulkHandlers</name>
         <load_address>0x37c0</load_address>
         <run_address>0x37c0</run_address>
         <size>0x30</size>
         <input_file_ref idref="fl-147"/>
      </object_component>
      <object_component id="oc-3d5">
         <name>.const:.string:g_pui8DataInterfaceString</name>
         <load_address>0x37f0</load_address>
         <run_address>0x37f0</run_address>
         <size>0x28</size>
         <input_file_ref idref="fl-3"/>
      </object_component>
      <object_component id="oc-3d2">
         <name>.const:.string:g_pui8ProductString</name>
         <load_address>0x3818</load_address>
         <run_address>0x3818</run_address>
         <size>0x28</size>
         <input_file_ref idref="fl-3"/>
      </object_component>
      <object_component id="oc-11f">
         <name>.const</name>
         <load_address>0x3840</load_address>
         <run_address>0x3840</run_address>
         <size>0x28</size>
         <input_file_ref idref="fl-5"/>
      </object_component>
      <object_component id="oc-3cf">
         <name>.const:.string:g_pui8ManufacturerString</name>
         <load_address>0x3868</load_address>
         <run_address>0x3868</run_address>
         <size>0x24</size>
         <input_file_ref idref="fl-3"/>
      </object_component>
      <object_component id="oc-319">
         <name>.const</name>
         <load_address>0x388c</load_address>
         <run_address>0x388c</run_address>
         <size>0x1c</size>
         <input_file_ref idref="fl-147"/>
      </object_component>
      <object_component id="oc-2a1">
         <name>.const</name>
         <load_address>0x38a8</load_address>
         <run_address>0x38a8</run_address>
         <size>0x18</size>
         <input_file_ref idref="fl-3"/>
      </object_component>
      <object_component id="oc-46b">
         <name>.const:.string</name>
         <load_address>0x38c0</load_address>
         <run_address>0x38c0</run_address>
         <size>0x17</size>
         <input_file_ref idref="fl-147"/>
      </object_component>
      <object_component id="oc-3cc">
         <name>.const:.string</name>
         <load_address>0x38d7</load_address>
         <run_address>0x38d7</run_address>
         <size>0x16</size>
         <input_file_ref idref="fl-3"/>
      </object_component>
      <object_component id="oc-1d0">
         <name>.const:.string</name>
         <load_address>0x38f0</load_address>
         <run_address>0x38f0</run_address>
         <size>0x12</size>
         <input_file_ref idref="fl-5"/>
      </object_component>
      <object_component id="oc-76f">
         <name>.cinit..data.load</name>
         <load_address>0x3908</load_address>
         <run_address>0x3908</run_address>
         <size>0x52</size>
      </object_component>
      <object_component id="oc-76d">
         <name>__TI_handler_table</name>
         <load_address>0x395c</load_address>
         <run_address>0x395c</run_address>
         <size>0xc</size>
      </object_component>
      <object_component id="oc-770">
         <name>.cinit..bss.load</name>
         <load_address>0x3968</load_address>
         <run_address>0x3968</run_address>
         <size>0x8</size>
      </object_component>
      <object_component id="oc-76e">
         <name>__TI_cinit_table</name>
         <load_address>0x3970</load_address>
         <run_address>0x3970</run_address>
         <size>0x10</size>
      </object_component>
      <object_component id="oc-35">
         <name>.stack</name>
         <uninitialized>true</uninitialized>
         <run_address>0x20000864</run_address>
         <size>0x0</size>
         <input_file_ref idref="fl-12f"/>
      </object_component>
      <object_component id="oc-771">
         <name>.stack</name>
         <uninitialized>true</uninitialized>
         <run_address>0x20000864</run_address>
         <size>0x0</size>
      </object_component>
      <object_component id="oc-296">
         <name>.bss:g_pui8USBRxBuffer</name>
         <uninitialized>true</uninitialized>
         <run_address>0x20000510</run_address>
         <size>0x100</size>
         <input_file_ref idref="fl-3"/>
      </object_component>
      <object_component id="oc-27f">
         <name>.bss:g_pui8USBTxBuffer</name>
         <uninitialized>true</uninitialized>
         <run_address>0x20000610</run_address>
         <size>0x100</size>
         <input_file_ref idref="fl-3"/>
      </object_component>
      <object_component id="oc-122">
         <name>.bss:g_pcUARTTxBuffer</name>
         <uninitialized>true</uninitialized>
         <run_address>0x20000000</run_address>
         <size>0x400</size>
         <input_file_ref idref="fl-5"/>
      </object_component>
      <object_component id="oc-ca">
         <name>.bss:g_pcUARTRxBuffer</name>
         <uninitialized>true</uninitialized>
         <run_address>0x20000710</run_address>
         <size>0x80</size>
         <input_file_ref idref="fl-5"/>
      </object_component>
      <object_component id="oc-2c2">
         <name>.bss:g_pui8DataBufferIn</name>
         <uninitialized>true</uninitialized>
         <run_address>0x200007e0</run_address>
         <size>0x40</size>
         <input_file_ref idref="fl-148"/>
      </object_component>
      <object_component id="oc-164">
         <name>.bss:g_psDCDInst</name>
         <uninitialized>true</uninitialized>
         <run_address>0x20000790</run_address>
         <size>0x50</size>
         <input_file_ref idref="fl-148"/>
      </object_component>
      <object_component id="oc-491">
         <name>.bss:g_psUSBDMAInst</name>
         <uninitialized>true</uninitialized>
         <run_address>0x20000400</run_address>
         <size>0x110</size>
         <input_file_ref idref="fl-14b"/>
      </object_component>
      <object_component id="oc-c7">
         <name>.common:g_bDisableEcho</name>
         <uninitialized>true</uninitialized>
         <run_address>0x20000860</run_address>
         <size>0x1</size>
      </object_component>
      <object_component id="oc-11e">
         <name>.common:g_ui32PortNum</name>
         <uninitialized>true</uninitialized>
         <run_address>0x20000858</run_address>
         <size>0x4</size>
      </object_component>
      <object_component id="oc-256">
         <name>.common:g_pfnUSBModeCallback</name>
         <uninitialized>true</uninitialized>
         <run_address>0x20000850</run_address>
         <size>0x4</size>
      </object_component>
      <object_component id="oc-1df">
         <name>.common:g_pfnTickHandlers</name>
         <uninitialized>true</uninitialized>
         <run_address>0x20000820</run_address>
         <size>0x18</size>
      </object_component>
      <object_component id="oc-1e2">
         <name>.common:g_pvTickInstance</name>
         <uninitialized>true</uninitialized>
         <run_address>0x20000838</run_address>
         <size>0x18</size>
      </object_component>
      <object_component id="oc-389">
         <name>.common:g_ui32ULPISupport</name>
         <uninitialized>true</uninitialized>
         <run_address>0x2000085c</run_address>
         <size>0x4</size>
      </object_component>
      <object_component id="oc-161">
         <name>.common:g_ppsDevInfo</name>
         <uninitialized>true</uninitialized>
         <run_address>0x20000854</run_address>
         <size>0x4</size>
      </object_component>
      <object_component id="oc-1a6">
         <name>.data:g_sBulkDevice</name>
         <load_address>0x20000c64</load_address>
         <run_address>0x20000c64</run_address>
         <size>0x44</size>
         <input_file_ref idref="fl-3"/>
      </object_component>
      <object_component id="oc-1a3">
         <name>.data:g_sRxBuffer</name>
         <load_address>0x20000ca8</load_address>
         <run_address>0x20000ca8</run_address>
         <size>0x38</size>
         <input_file_ref idref="fl-3"/>
      </object_component>
      <object_component id="oc-1a0">
         <name>.data:g_sTxBuffer</name>
         <load_address>0x20000ce0</load_address>
         <run_address>0x20000ce0</run_address>
         <size>0x38</size>
         <input_file_ref idref="fl-3"/>
      </object_component>
      <object_component id="oc-a8">
         <name>.data</name>
         <load_address>0x20000d54</load_address>
         <run_address>0x20000d54</run_address>
         <size>0x11</size>
         <input_file_ref idref="fl-4"/>
      </object_component>
      <object_component id="oc-c4">
         <name>.data</name>
         <load_address>0x20000d3c</load_address>
         <run_address>0x20000d3c</run_address>
         <size>0x15</size>
         <input_file_ref idref="fl-5"/>
      </object_component>
      <object_component id="oc-113">
         <name>.data</name>
         <load_address>0x20000d88</load_address>
         <run_address>0x20000d88</run_address>
         <size>0x8</size>
         <input_file_ref idref="fl-133"/>
      </object_component>
      <object_component id="oc-a0">
         <name>.data</name>
         <load_address>0x20000d98</load_address>
         <run_address>0x20000d98</run_address>
         <size>0x4</size>
         <input_file_ref idref="fl-137"/>
      </object_component>
      <object_component id="oc-110">
         <name>.data</name>
         <load_address>0x20000d80</load_address>
         <run_address>0x20000d80</run_address>
         <size>0x8</size>
         <input_file_ref idref="fl-139"/>
      </object_component>
      <object_component id="oc-253">
         <name>.data</name>
         <load_address>0x20000d74</load_address>
         <run_address>0x20000d74</run_address>
         <size>0x9</size>
         <input_file_ref idref="fl-143"/>
      </object_component>
      <object_component id="oc-167">
         <name>.data</name>
         <load_address>0x20000d68</load_address>
         <run_address>0x20000d68</run_address>
         <size>0xc</size>
         <input_file_ref idref="fl-145"/>
      </object_component>
      <object_component id="oc-266">
         <name>.data</name>
         <load_address>0x20000d18</load_address>
         <run_address>0x20000d18</run_address>
         <size>0x24</size>
         <input_file_ref idref="fl-147"/>
      </object_component>
      <object_component id="oc-16a">
         <name>.data</name>
         <load_address>0x20000d90</load_address>
         <run_address>0x20000d90</run_address>
         <size>0x8</size>
         <input_file_ref idref="fl-148"/>
      </object_component>
      <object_component id="oc-62">
         <name>.debug_info</name>
         <load_address>0x0</load_address>
         <run_address>0x0</run_address>
         <size>0x17c</size>
         <input_file_ref idref="fl-2"/>
      </object_component>
      <object_component id="oc-1c">
         <name>.debug_info</name>
         <load_address>0x17c</load_address>
         <run_address>0x17c</run_address>
         <size>0xd9</size>
         <input_file_ref idref="fl-2"/>
      </object_component>
      <object_component id="oc-37">
         <name>.debug_info</name>
         <load_address>0x255</load_address>
         <run_address>0x255</run_address>
         <size>0x109</size>
         <input_file_ref idref="fl-2"/>
      </object_component>
      <object_component id="oc-3d">
         <name>.debug_info</name>
         <load_address>0x35e</load_address>
         <run_address>0x35e</run_address>
         <size>0xfa</size>
         <input_file_ref idref="fl-2"/>
      </object_component>
      <object_component id="oc-49">
         <name>.debug_info</name>
         <load_address>0x458</load_address>
         <run_address>0x458</run_address>
         <size>0x112</size>
         <input_file_ref idref="fl-2"/>
      </object_component>
      <object_component id="oc-43">
         <name>.debug_info</name>
         <load_address>0x56a</load_address>
         <run_address>0x56a</run_address>
         <size>0x100</size>
         <input_file_ref idref="fl-2"/>
      </object_component>
      <object_component id="oc-e7">
         <name>.debug_info</name>
         <load_address>0x66a</load_address>
         <run_address>0x66a</run_address>
         <size>0x84</size>
         <input_file_ref idref="fl-2"/>
      </object_component>
      <object_component id="oc-d3">
         <name>.debug_info</name>
         <load_address>0x6ee</load_address>
         <run_address>0x6ee</run_address>
         <size>0x18b</size>
         <input_file_ref idref="fl-2"/>
      </object_component>
      <object_component id="oc-2a9">
         <name>.debug_info</name>
         <load_address>0x879</load_address>
         <run_address>0x879</run_address>
         <size>0x4c7</size>
         <input_file_ref idref="fl-3"/>
      </object_component>
      <object_component id="oc-3cd">
         <name>.debug_info</name>
         <load_address>0xd40</load_address>
         <run_address>0xd40</run_address>
         <size>0x12f</size>
         <input_file_ref idref="fl-3"/>
      </object_component>
      <object_component id="oc-3d0">
         <name>.debug_info</name>
         <load_address>0xe6f</load_address>
         <run_address>0xe6f</run_address>
         <size>0xf6</size>
         <input_file_ref idref="fl-3"/>
      </object_component>
      <object_component id="oc-3d3">
         <name>.debug_info</name>
         <load_address>0xf65</load_address>
         <run_address>0xf65</run_address>
         <size>0xec</size>
         <input_file_ref idref="fl-3"/>
[...]
      </symbol>
      <symbol id="sm-42c">
         <name>CPUcpsid</name>
         <value>0x35ef</value>
         <object_component_ref idref="oc-700"/>
      </symbol>
      <symbol id="sm-4a8">
         <name>USBBufferDataWritten</name>
         <value>0x339d</value>
         <object_component_ref idref="oc-540"/>
      </symbol>
      <symbol id="sm-4a9">
         <name>USBBufferSpaceAvailable</name>
         <value>0x36bd</value>
         <object_component_ref idref="oc-53a"/>
      </symbol>
      <symbol id="sm-4aa">
         <name>USBBufferInit</name>
         <value>0x330d</value>
         <object_component_ref idref="oc-188"/>
      </symbol>
      <symbol id="sm-4ab">
         <name>USBBufferEventCallback</name>
         <value>0x2109</value>
         <object_component_ref idref="oc-29b"/>
      </symbol>
      <symbol id="sm-4ac">
         <name>USBBufferInfoGet</name>
         <value>0x34a5</value>
         <object_component_ref idref="oc-534"/>
      </symbol>
      <symbol id="sm-4ad">
         <name>USBBufferFlush</name>
         <value>0x36b7</value>
         <object_component_ref idref="oc-39c"/>
      </symbol>
      <symbol id="sm-4dd">
         <name>g_iUSBMode</name>
         <value>0x20000d74</value>
         <object_component_ref idref="oc-253"/>
      </symbol>
      <symbol id="sm-4de">
         <name>USBStackModeSet</name>
         <value>0x309d</value>
         <object_component_ref idref="oc-18e"/>
      </symbol>
      <symbol id="sm-4df">
         <name>g_ui32WaitTicks</name>
         <value>0x20000d78</value>
         <object_component_ref idref="oc-253"/>
      </symbol>
      <symbol id="sm-548">
         <name>USBRingBufWrite</name>
         <value>0x3259</value>
         <object_component_ref idref="oc-577"/>
      </symbol>
      <symbol id="sm-549">
         <name>USBRingBufContigUsed</name>
         <value>0x3551</value>
         <object_component_ref idref="oc-69e"/>
      </symbol>
      <symbol id="sm-54a">
         <name>USBRingBufFlush</name>
         <value>0x33c9</value>
         <object_component_ref idref="oc-547"/>
      </symbol>
      <symbol id="sm-54b">
         <name>USBRingBufAdvanceWrite</name>
         <value>0x2ba1</value>
         <object_component_ref idref="oc-56b"/>
      </symbol>
      <symbol id="sm-54c">
         <name>USBRingBufWriteOne</name>
         <value>0x3561</value>
         <object_component_ref idref="oc-6a8"/>
      </symbol>
      <symbol id="sm-54d">
         <name>USBRingBufUsed</name>
         <value>0x33df</value>
         <object_component_ref idref="oc-550"/>
      </symbol>
      <symbol id="sm-54e">
         <name>USBRingBufFree</name>
         <value>0x34ff</value>
         <object_component_ref idref="oc-571"/>
      </symbol>
      <symbol id="sm-54f">
         <name>USBRingBufAdvanceRead</name>
         <value>0x318b</value>
         <object_component_ref idref="oc-557"/>
      </symbol>
      <symbol id="sm-550">
         <name>USBRingBufInit</name>
         <value>0x361f</value>
         <object_component_ref idref="oc-24b"/>
      </symbol>
      <symbol id="sm-551">
         <name>USBRingBufContigFree</name>
         <value>0x31ab</value>
         <object_component_ref idref="oc-564"/>
      </symbol>
      <symbol id="sm-589">
         <name>g_pfnTickHandlers</name>
         <value>0x20000820</value>
      </symbol>
      <symbol id="sm-58a">
         <name>g_pvTickInstance</name>
         <value>0x20000838</value>
      </symbol>
      <symbol id="sm-58b">
         <name>g_ui32USBSOFCount</name>
         <value>0x20000d70</value>
         <object_component_ref idref="oc-167"/>
      </symbol>
      <symbol id="sm-58c">
         <name>g_bUSBTimerInitialized</name>
         <value>0x20000d68</value>
         <object_component_ref idref="oc-167"/>
      </symbol>
      <symbol id="sm-58d">
         <name>g_ui32CurrentUSBTick</name>
         <value>0x20000d6c</value>
         <object_component_ref idref="oc-167"/>
      </symbol>
      <symbol id="sm-58e">
         <name>InternalUSBStartOfFrameTick</name>
         <value>0x2af9</value>
         <object_component_ref idref="oc-13d"/>
      </symbol>
      <symbol id="sm-58f">
         <name>InternalUSBRegisterTickHandler</name>
         <value>0x2ac1</value>
         <object_component_ref idref="oc-310"/>
      </symbol>
      <symbol id="sm-590">
         <name>InternalUSBTickInit</name>
         <value>0x2dd9</value>
         <object_component_ref idref="oc-30a"/>
      </symbol>
      <symbol id="sm-660">
         <name>USBDBulkTxPacketAvailable</name>
         <value>0x358d</value>
         <object_component_ref idref="oc-279"/>
      </symbol>
      <symbol id="sm-661">
         <name>USBDBulkCompositeInit</name>
         <value>0x1c6d</value>
         <object_component_ref idref="oc-25a"/>
      </symbol>
      <symbol id="sm-662">
         <name>g_sBulkInterfaceSection</name>
         <value>0x3894</value>
         <object_component_ref idref="oc-319"/>
      </symbol>
      <symbol id="sm-663">
         <name>g_psBulkSections</name>
         <value>0x20000d34</value>
         <object_component_ref idref="oc-266"/>
      </symbol>
      <symbol id="sm-664">
         <name>g_ppBulkConfigDescriptors</name>
         <value>0x38a4</value>
         <object_component_ref idref="oc-319"/>
      </symbol>
      <symbol id="sm-665">
         <name>g_sBulkConfigSection</name>
         <value>0x388c</value>
         <object_component_ref idref="oc-319"/>
      </symbol>
      <symbol id="sm-666">
         <name>USBDBulkInit</name>
         <value>0x298d</value>
         <object_component_ref idref="oc-194"/>
      </symbol>
      <symbol id="sm-667">
         <name>g_pui8BulkDeviceDescriptor</name>
         <value>0x20000d18</value>
         <object_component_ref idref="oc-266"/>
      </symbol>
      <symbol id="sm-668">
         <name>g_pui8BulkInterface</name>
         <value>0x38c0</value>
         <object_component_ref idref="oc-46b"/>
      </symbol>
      <symbol id="sm-669">
         <name>USBDBulkRxPacketAvailable</name>
         <value>0x3107</value>
         <object_component_ref idref="oc-290"/>
      </symbol>
      <symbol id="sm-66a">
         <name>USBDBulkPacketRead</name>
         <value>0x1bf9</value>
         <object_component_ref idref="oc-28a"/>
      </symbol>
      <symbol id="sm-66b">
         <name>g_sBulkHandlers</name>
         <value>0x37c0</value>
         <object_component_ref idref="oc-316"/>
      </symbol>
      <symbol id="sm-66c">
         <name>USBDBulkPacketWrite</name>
         <value>0x23a5</value>
         <object_component_ref idref="oc-273"/>
      </symbol>
      <symbol id="sm-66d">
         <name>g_pui8BulkDescriptor</name>
         <value>0x20000d2a</value>
         <object_component_ref idref="oc-266"/>
      </symbol>
      <symbol id="sm-66e">
         <name>g_sBulkConfigHeader</name>
         <value>0x389c</value>
         <object_component_ref idref="oc-319"/>
      </symbol>
      <symbol id="sm-7f5">
         <name>g_ppsDevInfo</name>
         <value>0x20000854</value>
      </symbol>
      <symbol id="sm-7f6">
         <name>USBDCDStallEP0</name>
         <value>0x3221</value>
         <object_component_ref idref="oc-2bc"/>
      </symbol>
      <symbol id="sm-7f7">
         <name>USBDeviceEnumHandler</name>
         <value>0x1015</value>
         <object_component_ref idref="oc-155"/>
      </symbol>
      <symbol id="sm-7f8">
         <name>USBDCDInit</name>
         <value>0xbad</value>
         <object_component_ref idref="oc-260"/>
      </symbol>
      <symbol id="sm-7f9">
         <name>USBDeviceEnumResetHandler</name>
         <value>0x27e9</value>
         <object_component_ref idref="oc-131"/>
      </symbol>
      <symbol id="sm-7fa">
         <name>g_psDCDInst</name>
         <value>0x20000790</value>
         <object_component_ref idref="oc-164"/>
      </symbol>
      <symbol id="sm-7fb">
         <name>USBDCDDeviceInfoInit</name>
         <value>0x28c1</value>
         <object_component_ref idref="oc-304"/>
      </symbol>
      <symbol id="sm-7fc">
         <name>USBDeviceIntHandlerInternal</name>
         <value>0xa5d</value>
         <object_component_ref idref="oc-de"/>
      </symbol>
      <symbol id="sm-7fd">
         <name>USBDeviceResumeTickHandler</name>
         <value>0x24ed</value>
         <object_component_ref idref="oc-137"/>
      </symbol>
      <symbol id="sm-809">
         <name>USB0DeviceIntHandler</name>
         <value>0x32f5</value>
         <object_component_ref idref="oc-5a"/>
      </symbol>
      <symbol id="sm-827">
         <name>USBDescGet</name>
         <value>0x2e95</value>
         <object_component_ref idref="oc-711"/>
      </symbol>
      <symbol id="sm-828">
         <name>USBDescGetNum</name>
         <value>0x2f41</value>
         <object_component_ref idref="oc-6d7"/>
      </symbol>
      <symbol id="sm-96d">
         <name>USBLibDMAInit</name>
         <value>0x7ad</value>
         <object_component_ref idref="oc-36b"/>
      </symbol>
      <symbol id="sm-97a">
         <name>ULPIConfigSet</name>
         <value>0x23f9</value>
         <object_component_ref idref="oc-341"/>
      </symbol>
      <symbol id="sm-9cb">
         <name>USBDCDConfigDescGet</name>
         <value>0x249d</value>
         <object_component_ref idref="oc-6b1"/>
      </symbol>
      <symbol id="sm-9cc">
         <name>USBDCDConfigGetInterface</name>
         <value>0x3205</value>
         <object_component_ref idref="oc-5aa"/>
      </symbol>
      <symbol id="sm-9cd">
         <name>USBDCDConfigDescGetSize</name>
         <value>0x328f</value>
         <object_component_ref idref="oc-2c9"/>
      </symbol>
      <symbol id="sm-9ce">
         <name>USBDCDConfigGetInterfaceEndpoint</name>
         <value>0x2b31</value>
         <object_component_ref idref="oc-6b7"/>
      </symbol>
      <symbol id="sm-9cf">
         <name>USBDCDConfigDescGetNum</name>
         <value>0x2f17</value>
         <object_component_ref idref="oc-5a4"/>
      </symbol>
      <symbol id="sm-a1c">
         <name>USBDeviceConfigAlternate</name>
         <value>0x17f9</value>
         <object_component_ref idref="oc-5b0"/>
      </symbol>
      <symbol id="sm-a1d">
         <name>USBDeviceConfig</name>
         <value>0xcf5</value>
         <object_component_ref idref="oc-59c"/>
      </symbol>
      <symbol id="sm-a47">
         <name>SysCtlPeripheralEnable</name>
         <value>0x2c45</value>
         <object_component_ref idref="oc-329"/>
      </symbol>
      <symbol id="sm-a48">
         <name>SysCtlUSBPLLEnable</name>
         <value>0x3409</value>
         <object_component_ref idref="oc-32f"/>
      </symbol>
      <symbol id="sm-a49">
         <name>SysCtlPeripheralReset</name>
         <value>0x244d</value>
         <object_component_ref idref="oc-323"/>
      </symbol>
      <symbol id="sm-a94">
         <name>uDMAChannelControlSet</name>
         <value>0x30c1</value>
         <object_component_ref idref="oc-5dd"/>
      </symbol>
      <symbol id="sm-a95">
         <name>uDMAChannelDisable</name>
         <value>0x336d</value>
         <object_component_ref idref="oc-5f7"/>
      </symbol>
      <symbol id="sm-a96">
         <name>uDMAChannelModeGet</name>
         <value>0x2fe5</value>
         <object_component_ref idref="oc-61c"/>
      </symbol>
      <symbol id="sm-a97">
         <name>uDMAChannelTransferSet</name>
         <value>0x1909</value>
         <object_component_ref idref="oc-62b"/>
      </symbol>
      <symbol id="sm-a98">
         <name>uDMAChannelAttributeDisable</name>
         <value>0x2831</value>
         <object_component_ref idref="oc-5ea"/>
      </symbol>
      <symbol id="sm-a99">
         <name>uDMAChannelEnable</name>
         <value>0x3385</value>
         <object_component_ref idref="oc-610"/>
      </symbol>
      <symbol id="sm-c48">
         <name>USBLPMIntEnable</name>
         <value>0x3613</value>
         <object_component_ref idref="oc-365"/>
      </symbol>
      <symbol id="sm-c49">
         <name>USBEndpointDataAvail</name>
         <value>0x323d</value>
         <object_component_ref idref="oc-3a3"/>
      </symbol>
      <symbol id="sm-c4a">
         <name>USBClockEnable</name>
         <value>0x3637</value>
         <object_component_ref idref="oc-335"/>
      </symbol>
      <symbol id="sm-c4b">
         <name>USBDevDisconnect</name>
         <value>0x3669</value>
         <object_component_ref idref="oc-15b"/>
      </symbol>
      <symbol id="sm-c4c">
         <name>USBDevEndpointStallClear</name>
         <value>0x2753</value>
         <object_component_ref idref="oc-58a"/>
      </symbol>
      <symbol id="sm-c4d">
         <name>USBEndpointDataPut</name>
         <value>0x2bd9</value>
         <object_component_ref idref="oc-2cf"/>
      </symbol>
      <symbol id="sm-c4e">
         <name>USBDMAChannelIntStatus</name>
         <value>0x36c3</value>
         <object_component_ref idref="oc-64e"/>
      </symbol>
      <symbol id="sm-c4f">
         <name>USBDevAddrSet</name>
         <value>0x36e5</value>
         <object_component_ref idref="oc-1f3"/>
      </symbol>
      <symbol id="sm-c50">
         <name>USBDMAChannelCountSet</name>
         <value>0x3655</value>
         <object_component_ref idref="oc-669"/>
      </symbol>
      <symbol id="sm-c51">
         <name>USBLPMIntStatus</name>
         <value>0x36cf</value>
         <object_component_ref idref="oc-143"/>
      </symbol>
      <symbol id="sm-c52">
         <name>USBDMAChannelAddressSet</name>
         <value>0x364b</value>
         <object_component_ref idref="oc-663"/>
      </symbol>
      <symbol id="sm-c53">
         <name>USBULPIDisable</name>
         <value>0x35c5</value>
         <object_component_ref idref="oc-347"/>
      </symbol>
      <symbol id="sm-c54">
         <name>USBIntStatusControl</name>
         <value>0x2b69</value>
         <object_component_ref idref="oc-d8"/>
      </symbol>
      <symbol id="sm-c55">
         <name>USBEndpointDMADisable</name>
         <value>0x3055</value>
         <object_component_ref idref="oc-5f0"/>
      </symbol>
      <symbol id="sm-c56">
         <name>USBDevEndpointDataAck</name>
         <value>0x2f6b</value>
         <object_component_ref idref="oc-1ff"/>
      </symbol>
      <symbol id="sm-c57">
         <name>USBOTGMode</name>
         <value>0x368d</value>
         <object_component_ref idref="oc-34d"/>
      </symbol>
      <symbol id="sm-c58">
         <name>USBDMAChannelConfigSet</name>
         <value>0x3431</value>
         <object_component_ref idref="oc-66f"/>
      </symbol>
      <symbol id="sm-c59">
         <name>USBULPIRegRead</name>
         <value>0x31c9</value>
         <object_component_ref idref="oc-477"/>
      </symbol>
      <symbol id="sm-c5a">
         <name>USBDevMode</name>
         <value>0x367d</value>
         <object_component_ref idref="oc-353"/>
      </symbol>
      <symbol id="sm-c5b">
         <name>USBIntEnableEndpoint</name>
         <value>0x33b3</value>
         <object_component_ref idref="oc-377"/>
      </symbol>
      <symbol id="sm-c5c">
         <name>USBEndpointDataGet</name>
         <value>0x2879</value>
         <object_component_ref idref="oc-1f9"/>
      </symbol>
      <symbol id="sm-c5d">
         <name>USBDevEndpointStatusClear</name>
         <value>0x22f1</value>
         <object_component_ref idref="oc-1ed"/>
      </symbol>
      <symbol id="sm-c5e">
         <name>USBULPIEnable</name>
         <value>0x35d3</value>
         <object_component_ref idref="oc-33b"/>
      </symbol>
      <symbol id="sm-c5f">
         <name>USBFIFOAddrGet</name>
         <value>0x3685</value>
         <object_component_ref idref="oc-625"/>
      </symbol>
      <symbol id="sm-c60">
         <name>USBDMAChannelStatus</name>
         <value>0x359b</value>
         <object_component_ref idref="oc-647"/>
      </symbol>
      <symbol id="sm-c61">
         <name>USBULPIRegWrite</name>
         <value>0x31e7</value>
         <object_component_ref idref="oc-47d"/>
      </symbol>
      <symbol id="sm-c62">
         <name>USBDMAChannelIntEnable</name>
         <value>0x34ed</value>
         <object_component_ref idref="oc-655"/>
      </symbol>
      <symbol id="sm-c63">
         <name>USBDevLPMConfig</name>
         <value>0x36c9</value>
         <object_component_ref idref="oc-35f"/>
      </symbol>
      <symbol id="sm-c64">
         <name>USBDevLPMEnable</name>
         <value>0x35b7</value>
         <object_component_ref idref="oc-149"/>
      </symbol>
      <symbol id="sm-c65">
         <name>USBControllerVersion</name>
         <value>0x3641</value>
         <object_component_ref idref="oc-48b"/>
      </symbol>
      <symbol id="sm-c66">
         <name>USBFIFOConfigSet</name>
         <value>0x2a85</value>
         <object_component_ref idref="oc-6cf"/>
      </symbol>
      <symbol id="sm-c67">
         <name>USBEndpointDMAEnable</name>
         <value>0x3079</value>
         <object_component_ref idref="oc-60a"/>
      </symbol>
      <symbol id="sm-c68">
         <name>USBDevLPMDisable</name>
         <value>0x35a9</value>
         <object_component_ref idref="oc-359"/>
      </symbol>
      <symbol id="sm-c69">
         <name>USBEndpointDataSend</name>
         <value>0x2c79</value>
         <object_component_ref idref="oc-2d5"/>
      </symbol>
      <symbol id="sm-c6a">
         <name>USBIntStatusEndpoint</name>
         <value>0x3673</value>
         <object_component_ref idref="oc-14f"/>
      </symbol>
      <symbol id="sm-c6b">
         <name>USBEndpointStatus</name>
         <value>0x3541</value>
         <object_component_ref idref="oc-1e7"/>
      </symbol>
      <symbol id="sm-c6c">
         <name>USBEndpointPacketCountSet</name>
         <value>0x3607</value>
         <object_component_ref idref="oc-631"/>
      </symbol>
      <symbol id="sm-c6d">
         <name>USBDMAChannelIntDisable</name>
         <value>0x34db</value>
         <object_component_ref idref="oc-65c"/>
      </symbol>
      <symbol id="sm-c6e">
         <name>USBEndpointDMAConfigSet</name>
         <value>0x2625</value>
         <object_component_ref idref="oc-637"/>
      </symbol>
      <symbol id="sm-c6f">
         <name>USBDevEndpointStall</name>
         <value>0x2d45</value>
         <object_component_ref idref="oc-3df"/>
      </symbol>
      <symbol id="sm-c70">
         <name>USBDevConnect</name>
         <value>0x365f</value>
         <object_component_ref idref="oc-37d"/>
      </symbol>
      <symbol id="sm-c71">
         <name>USBDevEndpointConfigSet</name>
         <value>0x1a8d</value>
         <object_component_ref idref="oc-6c3"/>
      </symbol>
      <symbol id="sm-c72">
         <name>USBDMAChannelDisable</name>
         <value>0x34b7</value>
         <object_component_ref idref="oc-640"/>
      </symbol>
      <symbol id="sm-c73">
         <name>USBDMAChannelEnable</name>
         <value>0x34c9</value>
         <object_component_ref idref="oc-675"/>
      </symbol>
      <symbol id="sm-c74">
         <name>USBHostResume</name>
         <value>0x3445</value>
         <object_component_ref idref="oc-1d8"/>
      </symbol>
      <symbol id="sm-c75">
         <name>USBIntEnableControl</name>
         <value>0x2fbd</value>
         <object_component_ref idref="oc-371"/>
      </symbol>
      <symbol id="sm-c76">
         <name>USBEndpointDMAChannel</name>
         <value>0x32a9</value>
         <object_component_ref idref="oc-5e4"/>
      </symbol>
      <symbol id="sm-c77">
         <name>__TI_static_base__</name>
         <value>0x0</value>
      </symbol>
      <symbol id="sm-c7a">
         <name>SHT$$INIT_ARRAY$$Limit</name>
         <value>0x0</value>
      </symbol>
      <symbol id="sm-c7b">
         <name>SHT$$INIT_ARRAY$$Base</name>
         <value>0x0</value>
      </symbol>
   </symbol_table>
   <title>Link errors: red sections failed placement</title>
</link_info>
